<html>
<body>
<pre>
<h1>µVision Build Log</h1>
<h2>Tool Versions:</h2>
IDE-Version: ¶ÃVision V5.14.0.0
Copyright (C) 2015 ARM Ltd and ARM Germany GmbH. All rights reserved.
License Information: qqq qqqq, qqq, LIC=50D74-FA3KV-9ZPWW-Q8RIQ-IUFXW-5V42E
 
Tool Versions:
Toolchain:       MDK-ARM Professional  Version: 5.14.0.0
Toolchain Path:  C:\Keil_v5\ARM\ARMCC\Bin
C Compiler:      Armcc.exe V5.05 update 1 (build 106)
Assembler:       Armasm.exe V5.05 update 1 (build 106)
Linker/Locator:  ArmLink.exe V5.05 update 1 (build 106)
Library Manager: ArmAr.exe V5.05 update 1 (build 106)
Hex Converter:   FromElf.exe V5.05 update 1 (build 106)
CPU DLL:         SARMCM3.DLL V5.14.0.0
Dialog DLL:      DCM.DLL V1.13.1.0
Target DLL:      STLink\ST-LINKIII-KEIL_SWO.dll V2.0.14.0_KEIL
Dialog DLL:      TCM.DLL V1.14.4.0
 
<h2>Project:</h2>
E:\Documents\Desktop\πŸ∑Ω∞ÊTDC (1) (1)\USER\Template.uvprojx
Project File Date:  05/23/2016

<h2>Output:</h2>
Build target 'Template'
compiling tdc.c...
..\HARDWORD\tdc.c(377): warning:  #177-D: variable "Test1" was declared but never referenced
    u8 Test1; 
..\HARDWORD\tdc.c(539): warning:  #177-D: variable "Test" was declared but never referenced
     u32 Test = 0x00000000;  u8 Test1=0x01;
..\HARDWORD\tdc.c: 2 warnings, 0 errors
linking...
Program Size: Code=18424 RO-data=1004 RW-data=164 ZI-data=1836  
FromELF: creating hex file...
"..\OBJ\Template.axf" - 0 Error(s), 2 Warning(s).

<h2>Collection of Component include folders:</h2>
  E:\Documents\Desktop\πŸ∑Ω∞ÊTDC (1) (1)\USER\RTE
  D:\Keil_v5\ARM\PACK\Keil\STM32F1xx_DFP\2.1.0

<h2>Collection of Component Files used:</h2>
</pre>
</body>
</html>
