Component: ARM Compiler 5.05 update 1 (build 106) Tool: armlink [4d0efa]

==============================================================================

Section Cross References

    main.o(i.main) refers to misc.o(i.NVIC_PriorityGroupConfig) for NVIC_PriorityGroupConfig
    main.o(i.main) refers to usart1_2.c.o(i.USTAR1_2_Init) for USTAR1_2_Init
    main.o(i.main) refers to spi.o(i.SPI2_Init) for SPI2_Init
    main.o(i.main) refers to spi.o(i.SPI2_SetSpeed) for SPI2_SetSpeed
    main.o(i.main) refers to delay.o(i.delay_init) for delay_init
    main.o(i.main) refers to led.o(i.LED_Init) for LED_Init
    main.o(i.main) refers to key.o(i.KEY_Init) for KEY_Init
    main.o(i.main) refers to tdc.o(i.Test_Communication) for Test_Communication
    main.o(i.main) refers to tdc.o(i.Tdc_Init) for Tdc_Init
    main.o(i.main) refers to tdc.o(i.gp22_analyse_error_bit) for gp22_analyse_error_bit
    main.o(i.main) refers to key.o(i.KEY_Scan) for KEY_Scan
    main.o(i.main) refers to tdc.o(i.Get_Resule) for Get_Resule
    main.o(i.main) refers to delay.o(i.delay_ms) for delay_ms
    system_stm32f10x.o(i.SetSysClock) refers to system_stm32f10x.o(i.SetSysClockTo72) for SetSysClockTo72
    system_stm32f10x.o(i.SystemCoreClockUpdate) refers to system_stm32f10x.o(.data) for SystemCoreClock
    system_stm32f10x.o(i.SystemInit) refers to system_stm32f10x.o(i.SetSysClock) for SetSysClock
    delay.o(i.delay_init) refers to misc.o(i.SysTick_CLKSourceConfig) for SysTick_CLKSourceConfig
    delay.o(i.delay_init) refers to system_stm32f10x.o(.data) for SystemCoreClock
    delay.o(i.delay_init) refers to delay.o(.data) for fac_us
    delay.o(i.delay_ms) refers to delay.o(.data) for fac_ms
    delay.o(i.delay_us) refers to delay.o(.data) for fac_us
    usart.o(i.USART1_IRQHandler) refers (Special) to use_no_semi_2.o(.text) for __use_no_semihosting
    usart.o(i.USART1_IRQHandler) refers to stm32f10x_usart.o(i.USART_GetITStatus) for USART_GetITStatus
    usart.o(i.USART1_IRQHandler) refers to stm32f10x_usart.o(i.USART_ReceiveData) for USART_ReceiveData
    usart.o(i.USART1_IRQHandler) refers to usart.o(.data) for USART_RX_STA
    usart.o(i.USART1_IRQHandler) refers to usart.o(.bss) for USART_RX_BUF
    usart.o(i._sys_exit) refers (Special) to use_no_semi_2.o(.text) for __use_no_semihosting
    usart.o(i.fputc) refers (Special) to use_no_semi_2.o(.text) for __use_no_semihosting
    usart.o(i.uart_init) refers (Special) to use_no_semi_2.o(.text) for __use_no_semihosting
    usart.o(i.uart_init) refers to stm32f10x_rcc.o(i.RCC_APB2PeriphClockCmd) for RCC_APB2PeriphClockCmd
    usart.o(i.uart_init) refers to stm32f10x_gpio.o(i.GPIO_Init) for GPIO_Init
    usart.o(i.uart_init) refers to misc.o(i.NVIC_Init) for NVIC_Init
    usart.o(i.uart_init) refers to stm32f10x_usart.o(i.USART_Init) for USART_Init
    usart.o(i.uart_init) refers to stm32f10x_usart.o(i.USART_ITConfig) for USART_ITConfig
    usart.o(i.uart_init) refers to stm32f10x_usart.o(i.USART_Cmd) for USART_Cmd
    usart.o(.bss) refers (Special) to use_no_semi_2.o(.text) for __use_no_semihosting
    usart.o(.data) refers (Special) to use_no_semi_2.o(.text) for __use_no_semihosting
    startup_stm32f10x_hd.o(STACK) refers (Special) to heapauxi.o(.text) for __use_two_region_memory
    startup_stm32f10x_hd.o(HEAP) refers (Special) to heapauxi.o(.text) for __use_two_region_memory
    startup_stm32f10x_hd.o(RESET) refers (Special) to heapauxi.o(.text) for __use_two_region_memory
    startup_stm32f10x_hd.o(RESET) refers to startup_stm32f10x_hd.o(STACK) for __initial_sp
    startup_stm32f10x_hd.o(RESET) refers to startup_stm32f10x_hd.o(.text) for Reset_Handler
    startup_stm32f10x_hd.o(RESET) refers to stm32f10x_it.o(i.NMI_Handler) for NMI_Handler
    startup_stm32f10x_hd.o(RESET) refers to stm32f10x_it.o(i.HardFault_Handler) for HardFault_Handler
    startup_stm32f10x_hd.o(RESET) refers to stm32f10x_it.o(i.MemManage_Handler) for MemManage_Handler
    startup_stm32f10x_hd.o(RESET) refers to stm32f10x_it.o(i.BusFault_Handler) for BusFault_Handler
    startup_stm32f10x_hd.o(RESET) refers to stm32f10x_it.o(i.UsageFault_Handler) for UsageFault_Handler
    startup_stm32f10x_hd.o(RESET) refers to stm32f10x_it.o(i.SVC_Handler) for SVC_Handler
    startup_stm32f10x_hd.o(RESET) refers to stm32f10x_it.o(i.DebugMon_Handler) for DebugMon_Handler
    startup_stm32f10x_hd.o(RESET) refers to stm32f10x_it.o(i.PendSV_Handler) for PendSV_Handler
    startup_stm32f10x_hd.o(RESET) refers to stm32f10x_it.o(i.SysTick_Handler) for SysTick_Handler
    startup_stm32f10x_hd.o(RESET) refers to timer.o(i.TIM3_IRQHandler) for TIM3_IRQHandler
    startup_stm32f10x_hd.o(RESET) refers to usart.o(i.USART1_IRQHandler) for USART1_IRQHandler
    startup_stm32f10x_hd.o(RESET) refers to usart1_2.c.o(i.USART2_IRQHandler) for USART2_IRQHandler
    startup_stm32f10x_hd.o(.text) refers (Special) to heapauxi.o(.text) for __use_two_region_memory
[...]
    ..\STM32F10x_FWLib\src\stm32f10x_spi.c   0x00000000   Number         0  stm32f10x_spi.o ABSOLUTE
    ..\STM32F10x_FWLib\src\stm32f10x_tim.c   0x00000000   Number         0  stm32f10x_tim.o ABSOLUTE
    ..\STM32F10x_FWLib\src\stm32f10x_usart.c 0x00000000   Number         0  stm32f10x_usart.o ABSOLUTE
    ..\STM32F10x_FWLib\src\stm32f10x_wwdg.c  0x00000000   Number         0  stm32f10x_wwdg.o ABSOLUTE
    ..\SYSTEM\delay\delay.c                  0x00000000   Number         0  delay.o ABSOLUTE
    ..\SYSTEM\sys\sys.c                      0x00000000   Number         0  sys.o ABSOLUTE
    ..\SYSTEM\usart\usart.c                  0x00000000   Number         0  usart.o ABSOLUTE
    ..\\CORE\\core_cm3.c                     0x00000000   Number         0  core_cm3.o ABSOLUTE
    ..\\SYSTEM\\sys\\sys.c                   0x00000000   Number         0  sys.o ABSOLUTE
    dc.s                                     0x00000000   Number         0  dc.o ABSOLUTE
    main.c                                   0x00000000   Number         0  main.o ABSOLUTE
    stm32f10x_it.c                           0x00000000   Number         0  stm32f10x_it.o ABSOLUTE
    system_stm32f10x.c                       0x00000000   Number         0  system_stm32f10x.o ABSOLUTE
    RESET                                    0x08000000   Section      304  startup_stm32f10x_hd.o(RESET)
    !!!main                                  0x08000130   Section        8  __main.o(!!!main)
    !!!scatter                               0x08000138   Section       52  __scatter.o(!!!scatter)
    !!handler_copy                           0x0800016c   Section       26  __scatter_copy.o(!!handler_copy)
    !!handler_zi                             0x08000188   Section       28  __scatter_zi.o(!!handler_zi)
    .ARM.Collect$$_printf_percent$$00000000  0x080001a4   Section        0  _printf_percent.o(.ARM.Collect$$_printf_percent$$00000000)
    .ARM.Collect$$_printf_percent$$00000003  0x080001a4   Section        6  _printf_f.o(.ARM.Collect$$_printf_percent$$00000003)
    .ARM.Collect$$_printf_percent$$0000000A  0x080001aa   Section        6  _printf_u.o(.ARM.Collect$$_printf_percent$$0000000A)
    .ARM.Collect$$_printf_percent$$00000017  0x080001b0   Section        4  _printf_percent_end.o(.ARM.Collect$$_printf_percent$$00000017)
    .ARM.Collect$$libinit$$00000000          0x080001b4   Section        2  libinit.o(.ARM.Collect$$libinit$$00000000)
    .ARM.Collect$$libinit$$00000002          0x080001b6   Section        0  libinit2.o(.ARM.Collect$$libinit$$00000002)
    .ARM.Collect$$libinit$$00000004          0x080001b6   Section        0  libinit2.o(.ARM.Collect$$libinit$$00000004)
    .ARM.Collect$$libinit$$0000000A          0x080001b6   Section        0  libinit2.o(.ARM.Collect$$libinit$$0000000A)
    .ARM.Collect$$libinit$$0000000C          0x080001b6   Section        0  libinit2.o(.ARM.Collect$$libinit$$0000000C)
    .ARM.Collect$$libinit$$0000000E          0x080001b6   Section        0  libinit2.o(.ARM.Collect$$libinit$$0000000E)
    .ARM.Collect$$libinit$$0000000F          0x080001b6   Section        6  libinit2.o(.ARM.Collect$$libinit$$0000000F)
    .ARM.Collect$$libinit$$00000011          0x080001bc   Section        0  libinit2.o(.ARM.Collect$$libinit$$00000011)
    .ARM.Collect$$libinit$$00000013          0x080001bc   Section        0  libinit2.o(.ARM.Collect$$libinit$$00000013)
    .ARM.Collect$$libinit$$00000015          0x080001bc   Section        0  libinit2.o(.ARM.Collect$$libinit$$00000015)
    .ARM.Collect$$libinit$$00000016          0x080001bc   Section       10  libinit2.o(.ARM.Collect$$libinit$$00000016)
    .ARM.Collect$$libinit$$00000017          0x080001c6   Section        0  libinit2.o(.ARM.Collect$$libinit$$00000017)
    .ARM.Collect$$libinit$$00000019          0x080001c6   Section        0  libinit2.o(.ARM.Collect$$libinit$$00000019)
    .ARM.Collect$$libinit$$0000001B          0x080001c6   Section        0  libinit2.o(.ARM.Collect$$libinit$$0000001B)
    .ARM.Collect$$libinit$$0000001D          0x080001c6   Section        0  libinit2.o(.ARM.Collect$$libinit$$0000001D)
    .ARM.Collect$$libinit$$0000001F          0x080001c6   Section        0  libinit2.o(.ARM.Collect$$libinit$$0000001F)
    .ARM.Collect$$libinit$$00000021          0x080001c6   Section        0  libinit2.o(.ARM.Collect$$libinit$$00000021)
    .ARM.Collect$$libinit$$00000023          0x080001c6   Section        0  libinit2.o(.ARM.Collect$$libinit$$00000023)
    .ARM.Collect$$libinit$$00000025          0x080001c6   Section        0  libinit2.o(.ARM.Collect$$libinit$$00000025)
    .ARM.Collect$$libinit$$0000002C          0x080001c6   Section        0  libinit2.o(.ARM.Collect$$libinit$$0000002C)
    .ARM.Collect$$libinit$$0000002E          0x080001c6   Section        0  libinit2.o(.ARM.Collect$$libinit$$0000002E)
    .ARM.Collect$$libinit$$00000030          0x080001c6   Section        0  libinit2.o(.ARM.Collect$$libinit$$00000030)
    .ARM.Collect$$libinit$$00000032          0x080001c6   Section        0  libinit2.o(.ARM.Collect$$libinit$$00000032)
    .ARM.Collect$$libinit$$00000033          0x080001c6   Section        2  libinit2.o(.ARM.Collect$$libinit$$00000033)
    .ARM.Collect$$libshutdown$$00000000      0x080001c8   Section        2  libshutdown.o(.ARM.Collect$$libshutdown$$00000000)
    .ARM.Collect$$libshutdown$$00000003      0x080001ca   Section        0  libshutdown2.o(.ARM.Collect$$libshutdown$$00000003)
    .ARM.Collect$$libshutdown$$00000006      0x080001ca   Section        0  libshutdown2.o(.ARM.Collect$$libshutdown$$00000006)
    .ARM.Collect$$libshutdown$$00000009      0x080001ca   Section        0  libshutdown2.o(.ARM.Collect$$libshutdown$$00000009)
    .ARM.Collect$$libshutdown$$0000000B      0x080001ca   Section        0  libshutdown2.o(.ARM.Collect$$libshutdown$$0000000B)
    .ARM.Collect$$libshutdown$$0000000E      0x080001ca   Section        0  libshutdown2.o(.ARM.Collect$$libshutdown$$0000000E)
    .ARM.Collect$$libshutdown$$0000000F      0x080001ca   Section        2  libshutdown2.o(.ARM.Collect$$libshutdown$$0000000F)
    .ARM.Collect$$rtentry$$00000000          0x080001cc   Section        0  __rtentry.o(.ARM.Collect$$rtentry$$00000000)
    .ARM.Collect$$rtentry$$00000002          0x080001cc   Section        0  __rtentry2.o(.ARM.Collect$$rtentry$$00000002)
    .ARM.Collect$$rtentry$$00000004          0x080001cc   Section        6  __rtentry4.o(.ARM.Collect$$rtentry$$00000004)
    .ARM.Collect$$rtentry$$00000009          0x080001d2   Section        0  __rtentry2.o(.ARM.Collect$$rtentry$$00000009)
    .ARM.Collect$$rtentry$$0000000A          0x080001d2   Section        4  __rtentry2.o(.ARM.Collect$$rtentry$$0000000A)
    .ARM.Collect$$rtentry$$0000000C          0x080001d6   Section        0  __rtentry2.o(.ARM.Collect$$rtentry$$0000000C)
    .ARM.Collect$$rtentry$$0000000D          0x080001d6   Section        8  __rtentry2.o(.ARM.Collect$$rtentry$$0000000D)
    .ARM.Collect$$rtexit$$00000000           0x080001de   Section        2  rtexit.o(.ARM.Collect$$rtexit$$00000000)
    .ARM.Collect$$rtexit$$00000002           0x080001e0   Section        0  rtexit2.o(.ARM.Collect$$rtexit$$00000002)
    .ARM.Collect$$rtexit$$00000003           0x080001e0   Section        4  rtexit2.o(.ARM.Collect$$rtexit$$00000003)
    .ARM.Collect$$rtexit$$00000004           0x080001e4   Section        6  rtexit2.o(.ARM.Collect$$rtexit$$00000004)
    .text                                    0x080001ec   Section       64  startup_stm32f10x_hd.o(.text)
    .text                                    0x0800022c   Section        2  use_no_semi_2.o(.text)
    .text                                    0x08000230   Section        0  noretval__2printf.o(.text)
    .text                                    0x08000248   Section        0  _printf_pad.o(.text)
    .text                                    0x08000298   Section        0  _printf_dec.o(.text)
    .text                                    0x08000310   Section        0  __printf_wp.o(.text)
    .text                                    0x0800041e   Section        0  heapauxi.o(.text)
    .text                                    0x08000424   Section        2  use_no_semi.o(.text)
    .text                                    0x08000426   Section        0  _rserrno.o(.text)
    .text                                    0x0800043c   Section        0  _printf_intcommon.o(.text)
    .text                                    0x080004ee   Section        0  _printf_fp_dec.o(.text)
    _fp_digits                               0x080004f1   Thumb Code   428  _printf_fp_dec.o(.text)
    .text                                    0x08000908   Section        0  _printf_char_file.o(.text)
    .text                                    0x0800092c   Section        8  rt_locale_intlibspace.o(.text)
    .text                                    0x08000934   Section        8  rt_errno_addr_intlibspace.o(.text)
    .text                                    0x0800093c   Section      138  lludiv10.o(.text)
    .text                                    0x080009c8   Section        0  _printf_char_common.o(.text)
    _printf_input_char                       0x080009c9   Thumb Code    10  _printf_char_common.o(.text)
    .text                                    0x080009f8   Section        0  _printf_fp_infnan.o(.text)
    .text                                    0x08000a78   Section        0  bigflt0.o(.text)
    .text                                    0x08000b54   Section        0  ferror.o(.text)
    .text                                    0x08000b5c   Section        8  libspace.o(.text)
    .text                                    0x08000b64   Section       74  sys_stackheap_outer.o(.text)
    .text                                    0x08000bae   Section        0  exit.o(.text)
    .text                                    0x08000bbc   Section      128  strcmpv7m.o(.text)
    CL$$btod_d2e                             0x08000c3c   Section       62  btod.o(CL$$btod_d2e)
    CL$$btod_d2e_denorm_low                  0x08000c7a   Section       70  btod.o(CL$$btod_d2e_denorm_low)
    CL$$btod_d2e_norm_op1                    0x08000cc0   Section       96  btod.o(CL$$btod_d2e_norm_op1)
    CL$$btod_div_common                      0x08000d20   Section      824  btod.o(CL$$btod_div_common)
    CL$$btod_e2e                             0x08001058   Section      198  btod.o(CL$$btod_e2e)
    CL$$btod_ediv                            0x0800111e   Section       40  btod.o(CL$$btod_ediv)
    CL$$btod_emul                            0x08001146   Section       40  btod.o(CL$$btod_emul)
    CL$$btod_mult_common                     0x0800116e   Section      580  btod.o(CL$$btod_mult_common)
    i.BusFault_Handler                       0x080013b2   Section        0  stm32f10x_it.o(i.BusFault_Handler)
    i.DebugMon_Handler                       0x080013b6   Section        0  stm32f10x_it.o(i.DebugMon_Handler)
    i.Dly100us                               0x080013b8   Section        0  tdc.o(i.Dly100us)
    i.GPIO_EventOutputConfig                 0x080013d4   Section        0  stm32f10x_gpio.o(i.GPIO_EventOutputConfig)
    i.GPIO_Init                              0x080013f4   Section        0  stm32f10x_gpio.o(i.GPIO_Init)
    i.GPIO_ReadInputDataBit                  0x0800150a   Section        0  stm32f10x_gpio.o(i.GPIO_ReadInputDataBit)
    i.GPIO_ResetBits                         0x0800151c   Section        0  stm32f10x_gpio.o(i.GPIO_ResetBits)
    i.GPIO_SetBits                           0x08001520   Section        0  stm32f10x_gpio.o(i.GPIO_SetBits)
    i.GPIO_WriteBit                          0x08001524   Section        0  stm32f10x_gpio.o(i.GPIO_WriteBit)
    i.Get_Resule                             0x08001530   Section        0  tdc.o(i.Get_Resule)
    i.HardFault_Handler                      0x0800189c   Section        0  stm32f10x_it.o(i.HardFault_Handler)
    i.KEY_Init                               0x080018a0   Section        0  key.o(i.KEY_Init)
    i.KEY_Scan                               0x080018dc   Section        0  key.o(i.KEY_Scan)
    i.LED_Init                               0x080019a4   Section        0  led.o(i.LED_Init)
    i.MemManage_Handler                      0x08001a04   Section        0  stm32f10x_it.o(i.MemManage_Handler)
    i.NMI_Handler                            0x08001a08   Section        0  stm32f10x_it.o(i.NMI_Handler)
    i.NVIC_Init                              0x08001a0c   Section        0  misc.o(i.NVIC_Init)
    i.NVIC_PriorityGroupConfig               0x08001a7c   Section        0  misc.o(i.NVIC_PriorityGroupConfig)
    i.PendSV_Handler                         0x08001a90   Section        0  stm32f10x_it.o(i.PendSV_Handler)
    i.RCC_APB1PeriphClockCmd                 0x08001a94   Section        0  stm32f10x_rcc.o(i.RCC_APB1PeriphClockCmd)
    i.RCC_APB1PeriphResetCmd                 0x08001ab4   Section        0  stm32f10x_rcc.o(i.RCC_APB1PeriphResetCmd)
    i.RCC_APB2PeriphClockCmd                 0x08001ad4   Section        0  stm32f10x_rcc.o(i.RCC_APB2PeriphClockCmd)
    i.RCC_APB2PeriphResetCmd                 0x08001af4   Section        0  stm32f10x_rcc.o(i.RCC_APB2PeriphResetCmd)
    i.RCC_GetClocksFreq                      0x08001b14   Section        0  stm32f10x_rcc.o(i.RCC_GetClocksFreq)
    i.SPI2_Init                              0x08001be8   Section        0  spi.o(i.SPI2_Init)
    i.SPI2_ReadWriteByte                     0x08001d6c   Section        0  spi.o(i.SPI2_ReadWriteByte)
    i.SPI2_SetSpeed                          0x08001dc0   Section        0  spi.o(i.SPI2_SetSpeed)
    i.SPI_Cmd                                0x08001de8   Section        0  stm32f10x_spi.o(i.SPI_Cmd)
    i.SPI_I2S_DeInit                         0x08001e00   Section        0  stm32f10x_spi.o(i.SPI_I2S_DeInit)
    i.SPI_I2S_GetFlagStatus                  0x08001e58   Section        0  stm32f10x_spi.o(i.SPI_I2S_GetFlagStatus)
    i.SPI_I2S_ReceiveData                    0x08001e6a   Section        0  stm32f10x_spi.o(i.SPI_I2S_ReceiveData)
    i.SPI_I2S_SendData                       0x08001e70   Section        0  stm32f10x_spi.o(i.SPI_I2S_SendData)
    i.SPI_Init                               0x08001e74   Section        0  stm32f10x_spi.o(i.SPI_Init)
    i.SPI_SSOutputCmd                        0x08001eb0   Section        0  stm32f10x_spi.o(i.SPI_SSOutputCmd)
    i.SVC_Handler                            0x08001ec8   Section        0  stm32f10x_it.o(i.SVC_Handler)
    i.SetSysClock                            0x08001eca   Section        0  system_stm32f10x.o(i.SetSysClock)
    SetSysClock                              0x08001ecb   Thumb Code     8  system_stm32f10x.o(i.SetSysClock)
    i.SetSysClockTo72                        0x08001ed4   Section        0  system_stm32f10x.o(i.SetSysClockTo72)
    SetSysClockTo72                          0x08001ed5   Thumb Code   214  system_stm32f10x.o(i.SetSysClockTo72)
    i.Simple_delay_750ns                     0x08001fb4   Section        0  tdc.o(i.Simple_delay_750ns)
    i.SysTick_CLKSourceConfig                0x08001fc2   Section        0  misc.o(i.SysTick_CLKSourceConfig)
    i.SysTick_Handler                        0x08001fea   Section        0  stm32f10x_it.o(i.SysTick_Handler)
    i.SystemInit                             0x08001fec   Section        0  system_stm32f10x.o(i.SystemInit)
    i.TIM3_IRQHandler                        0x0800204c   Section        0  timer.o(i.TIM3_IRQHandler)
    i.TIM_ClearITPendingBit                  0x080020ac   Section        0  stm32f10x_tim.o(i.TIM_ClearITPendingBit)
    i.TIM_Cmd                                0x080020b2   Section        0  stm32f10x_tim.o(i.TIM_Cmd)
    i.TIM_GetITStatus                        0x080020ca   Section        0  stm32f10x_tim.o(i.TIM_GetITStatus)
    i.Tdc_Init                               0x080020ec   Section        0  tdc.o(i.Tdc_Init)
    i.Test_Communication                     0x0800215c   Section        0  tdc.o(i.Test_Communication)
    i.USART1_IRQHandler                      0x080021d4   Section        0  usart.o(i.USART1_IRQHandler)
    i.USART2_IRQHandler                      0x0800225c   Section        0  usart1_2.c.o(i.USART2_IRQHandler)
    i.USART_ClearITPendingBit                0x08002294   Section        0  stm32f10x_usart.o(i.USART_ClearITPendingBit)
    i.USART_Cmd                              0x080022b2   Section        0  stm32f10x_usart.o(i.USART_Cmd)
    i.USART_DeInit                           0x080022cc   Section        0  stm32f10x_usart.o(i.USART_DeInit)
    i.USART_GetITStatus                      0x08002368   Section        0  stm32f10x_usart.o(i.USART_GetITStatus)
    i.USART_ITConfig                         0x080023bc   Section        0  stm32f10x_usart.o(i.USART_ITConfig)
    i.USART_Init                             0x08002408   Section        0  stm32f10x_usart.o(i.USART_Init)
    i.USART_ReceiveData                      0x080024e0   Section        0  stm32f10x_usart.o(i.USART_ReceiveData)
    i.USART_SendData                         0x080024ea   Section        0  stm32f10x_usart.o(i.USART_SendData)
    i.USTAR1_2_Init                          0x080024f4   Section        0  usart1_2.c.o(i.USTAR1_2_Init)
    i.UsageFault_Handler                     0x08002618   Section        0  stm32f10x_it.o(i.UsageFault_Handler)
    i.__ARM_fpclassify                       0x0800261c   Section        0  fpclassify.o(i.__ARM_fpclassify)
    i.__kernel_poly                          0x08002644   Section        0  poly.o(i.__kernel_poly)
    i.__mathlib_dbl_divzero                  0x080026f0   Section        0  dunder.o(i.__mathlib_dbl_divzero)
    i.__mathlib_dbl_infnan2                  0x08002700   Section        0  dunder.o(i.__mathlib_dbl_infnan2)
    i.__mathlib_dbl_invalid                  0x08002704   Section        0  dunder.o(i.__mathlib_dbl_invalid)
    i.__mathlib_dbl_overflow                 0x08002710   Section        0  dunder.o(i.__mathlib_dbl_overflow)
    i.__mathlib_dbl_underflow                0x08002720   Section        0  dunder.o(i.__mathlib_dbl_underflow)
    i._is_digit                              0x08002730   Section        0  __printf_wp.o(i._is_digit)
    i._sys_exit                              0x0800273e   Section        0  usart.o(i._sys_exit)
    i.delay_init                             0x08002744   Section        0  delay.o(i.delay_init)
    i.delay_ms                               0x08002788   Section        0  delay.o(i.delay_ms)
    i.delay_us                               0x080027d4   Section        0  delay.o(i.delay_us)
    i.fputc                                  0x08002820   Section        0  usart.o(i.fputc)
    i.gp22_analyse_error_bit                 0x0800283c   Section        0  tdc.o(i.gp22_analyse_error_bit)
    i.gp22_read_n_bytes                      0x08002970   Section        0  tdc.o(i.gp22_read_n_bytes)
    i.gp22_read_status_bytes                 0x08002a54   Section        0  tdc.o(i.gp22_read_status_bytes)
    i.gp22_send_1byte                        0x08002af8   Section        0  tdc.o(i.gp22_send_1byte)
    i.gp22_wr_config_reg                     0x08002b44   Section        0  tdc.o(i.gp22_wr_config_reg)
    i.main                                   0x08002c1c   Section        0  main.o(i.main)
    i.pow                                    0x08002ca4   Section        0  pow.o(i.pow)
    i.sqrt                                   0x0800365c   Section        0  sqrt.o(i.sqrt)
    locale$$code                             0x080036a8   Section       44  lc_numeric_c.o(locale$$code)
    x$fpl$d2f                                0x080036d4   Section       98  d2f.o(x$fpl$d2f)
    x$fpl$dadd                               0x08003738   Section      336  daddsub_clz.o(x$fpl$dadd)
    _dadd1                                   0x08003749   Thumb Code     0  daddsub_clz.o(x$fpl$dadd)
    x$fpl$dcheck1                            0x08003888   Section       16  dcheck1.o(x$fpl$dcheck1)
    x$fpl$dcmpinf                            0x08003898   Section       24  dcmpi.o(x$fpl$dcmpinf)
    x$fpl$ddiv                               0x080038b0   Section      688  ddiv.o(x$fpl$ddiv)
    ddiv_entry                               0x080038b7   Thumb Code     0  ddiv.o(x$fpl$ddiv)
    x$fpl$dflt                               0x08003b60   Section       46  dflt_clz.o(x$fpl$dflt)
    x$fpl$dfltu                              0x08003b8e   Section       38  dflt_clz.o(x$fpl$dfltu)
    x$fpl$dleqf                              0x08003bb4   Section      120  dleqf.o(x$fpl$dleqf)
    x$fpl$dmul                               0x08003c2c   Section      340  dmul.o(x$fpl$dmul)
    x$fpl$dnaninf                            0x08003d80   Section      156  dnaninf.o(x$fpl$dnaninf)
    x$fpl$dretinf                            0x08003e1c   Section       12  dretinf.o(x$fpl$dretinf)
    x$fpl$drleqf                             0x08003e28   Section      108  drleqf.o(x$fpl$drleqf)
    x$fpl$drsb                               0x08003e94   Section       22  daddsub_clz.o(x$fpl$drsb)
    x$fpl$dsqrt                              0x08003eac   Section      460  dsqrt_noumaal.o(x$fpl$dsqrt)
    x$fpl$dsub                               0x08004078   Section      468  daddsub_clz.o(x$fpl$dsub)
    _dsub1                                   0x08004089   Thumb Code     0  daddsub_clz.o(x$fpl$dsub)
    x$fpl$f2d                                0x0800424c   Section       86  f2d.o(x$fpl$f2d)
    x$fpl$fadd                               0x080042a4   Section      196  faddsub_clz.o(x$fpl$fadd)
    _fadd1                                   0x080042b3   Thumb Code     0  faddsub_clz.o(x$fpl$fadd)
    x$fpl$fcmpinf                            0x08004368   Section       24  fcmpi.o(x$fpl$fcmpinf)
    x$fpl$fdiv                               0x08004380   Section      388  fdiv.o(x$fpl$fdiv)
    _fdiv1                                   0x08004381   Thumb Code     0  fdiv.o(x$fpl$fdiv)
    x$fpl$feqf                               0x08004504   Section      104  feqf.o(x$fpl$feqf)
    x$fpl$ffixu                              0x0800456c   Section       62  ffixu.o(x$fpl$ffixu)
    x$fpl$fmul                               0x080045ac   Section      258  fmul.o(x$fpl$fmul)
    x$fpl$fnaninf                            0x080046ae   Section      140  fnaninf.o(x$fpl$fnaninf)
    x$fpl$fretinf                            0x0800473a   Section       10  fretinf.o(x$fpl$fretinf)
    x$fpl$fsub                               0x08004744   Section      234  faddsub_clz.o(x$fpl$fsub)
    _fsub1                                   0x08004753   Thumb Code     0  faddsub_clz.o(x$fpl$fsub)
    x$fpl$printf1                            0x0800482e   Section        4  printf1.o(x$fpl$printf1)
    x$fpl$retnan                             0x08004832   Section      100  retnan.o(x$fpl$retnan)
    x$fpl$scalbn                             0x08004896   Section       92  scalbn.o(x$fpl$scalbn)
    x$fpl$trapveneer                         0x080048f2   Section       48  trapv.o(x$fpl$trapveneer)
    x$fpl$usenofp                            0x08004922   Section        0  usenofp.o(x$fpl$usenofp)
    .constdata                               0x08004928   Section      136  pow.o(.constdata)
    bp                                       0x08004928   Data          16  pow.o(.constdata)
    dp_h                                     0x08004938   Data          16  pow.o(.constdata)
    dp_l                                     0x08004948   Data          16  pow.o(.constdata)
    L                                        0x08004958   Data          48  pow.o(.constdata)
    P                                        0x08004988   Data          40  pow.o(.constdata)
    .constdata                               0x080049b0   Section        8  qnan.o(.constdata)
    .constdata                               0x080049b8   Section      148  bigflt0.o(.constdata)
    tenpwrs_x                                0x080049b8   Data          60  bigflt0.o(.constdata)
    tenpwrs_i                                0x080049f4   Data          64  bigflt0.o(.constdata)
    .conststring                             0x08004a4c   Section      346  tdc.o(.conststring)
    locale$$data                             0x08004bc8   Section       28  lc_numeric_c.o(locale$$data)
    __lcnum_c_name                           0x08004bcc   Data           2  lc_numeric_c.o(locale$$data)
    __lcnum_c_start                          0x08004bd4   Data           0  lc_numeric_c.o(locale$$data)
    __lcnum_c_point                          0x08004be0   Data           0  lc_numeric_c.o(locale$$data)
    __lcnum_c_thousands                      0x08004be2   Data           0  lc_numeric_c.o(locale$$data)
    __lcnum_c_grouping                       0x08004be3   Data           0  lc_numeric_c.o(locale$$data)
    __lcnum_c_end                            0x08004be4   Data           0  lc_numeric_c.o(locale$$data)
    .data                                    0x20000000   Section       20  system_stm32f10x.o(.data)
    .data                                    0x20000014   Section        4  delay.o(.data)
    fac_us                                   0x20000014   Data           1  delay.o(.data)
    fac_ms                                   0x20000016   Data           2  delay.o(.data)
    .data                                    0x20000018   Section        6  usart.o(.data)
    .data                                    0x2000001e   Section       20  stm32f10x_rcc.o(.data)
    APBAHBPrescTable                         0x2000001e   Data          16  stm32f10x_rcc.o(.data)
    ADCPrescTable                            0x2000002e   Data           4  stm32f10x_rcc.o(.data)
    .data                                    0x20000034   Section      108  tdc.o(.data)
    .data                                    0x200000a0   Section        1  key.o(.data)
    key_up                                   0x200000a0   Data           1  key.o(.data)
    .bss                                     0x200000a4   Section      200  usart.o(.bss)
    .bss                                     0x2000016c   Section       96  libspace.o(.bss)
    HEAP                                     0x200001d0   Section      512  startup_stm32f10x_hd.o(HEAP)
    Heap_Mem                                 0x200001d0   Data         512  startup_stm32f10x_hd.o(HEAP)
    STACK                                    0x200003d0   Section     1024  startup_stm32f10x_hd.o(STACK)
    Stack_Mem                                0x200003d0   Data        1024  startup_stm32f10x_hd.o(STACK)
    __initial_sp                             0x200007d0   Data           0  startup_stm32f10x_hd.o(STACK)

    Global Symbols

    Symbol Name                              Value     Ov Type        Size  Object(Section)

    BuildAttributes$$THM_ISAv4$P$D$K$B$S$PE$A:L22UL41UL21$X:L11$S22US41US21$IEEE1$IW$USESV6$~STKCKD$USESV7$~SHL$OTIME$ROPI$IEEEX$EBA8$UX$STANDARDLIB$REQ8$PRES8$EABIv2 0x00000000   Number         0  anon$$obj.o ABSOLUTE
    __ARM_use_no_argv                        0x00000000   Number         0  main.o ABSOLUTE
    _printf_flags                            0x00000000   Number         0  printf_stubs.o ABSOLUTE
    _printf_return_value                     0x00000000   Number         0  printf_stubs.o ABSOLUTE
    _printf_sizespec                         0x00000000   Number         0  printf_stubs.o ABSOLUTE
    _printf_widthprec                        0x00000000   Number         0  printf_stubs.o ABSOLUTE
    __ARM_exceptions_init                     - Undefined Weak Reference
    __alloca_initialize                       - Undefined Weak Reference
    __arm_preinit_                            - Undefined Weak Reference
    __cpp_initialize__aeabi_                  - Undefined Weak Reference
    __cxa_finalize                            - Undefined Weak Reference
    __sigvec_lookup                           - Undefined Weak Reference
    _atexit_init                              - Undefined Weak Reference
    _call_atexit_fns                          - Undefined Weak Reference
    _clock_init                               - Undefined Weak Reference
    _fp_trap_init                             - Undefined Weak Reference
    _fp_trap_shutdown                         - Undefined Weak Reference
    _get_lc_collate                           - Undefined Weak Reference
    _get_lc_ctype                             - Undefined Weak Reference
    _get_lc_monetary                          - Undefined Weak Reference
    _get_lc_time                              - Undefined Weak Reference
    _getenv_init                              - Undefined Weak Reference
    _handle_redirection                       - Undefined Weak Reference
    _init_alloc                               - Undefined Weak Reference
    _init_user_alloc                          - Undefined Weak Reference
    _initio                                   - Undefined Weak Reference
    _mutex_acquire                            - Undefined Weak Reference
    _mutex_release                            - Undefined Weak Reference
    _printf_truncate_signed                   - Undefined Weak Reference
    _printf_truncate_unsigned                 - Undefined Weak Reference
    _rand_init                                - Undefined Weak Reference
    _signal_finish                            - Undefined Weak Reference
    _signal_init                              - Undefined Weak Reference
    _terminate_alloc                          - Undefined Weak Reference
    _terminate_user_alloc                     - Undefined Weak Reference
    _terminateio                              - Undefined Weak Reference
    __Vectors_Size                           0x00000130   Number         0  startup_stm32f10x_hd.o ABSOLUTE
    __Vectors                                0x08000000   Data           4  startup_stm32f10x_hd.o(RESET)
    __Vectors_End                            0x08000130   Data           0  startup_stm32f10x_hd.o(RESET)
    __main                                   0x08000131   Thumb Code     8  __main.o(!!!main)
    __scatterload                            0x08000139   Thumb Code     0  __scatter.o(!!!scatter)
    __scatterload_rt2                        0x08000139   Thumb Code    44  __scatter.o(!!!scatter)
    __scatterload_rt2_thumb_only             0x08000139   Thumb Code     0  __scatter.o(!!!scatter)
    __scatterload_null                       0x08000147   Thumb Code     0  __scatter.o(!!!scatter)
    __scatterload_copy                       0x0800016d   Thumb Code    26  __scatter_copy.o(!!handler_copy)
    __scatterload_zeroinit                   0x08000189   Thumb Code    28  __scatter_zi.o(!!handler_zi)
    _printf_f                                0x080001a5   Thumb Code     0  _printf_f.o(.ARM.Collect$$_printf_percent$$00000003)
    _printf_percent                          0x080001a5   Thumb Code     0  _printf_percent.o(.ARM.Collect$$_printf_percent$$00000000)
    _printf_u                                0x080001ab   Thumb Code     0  _printf_u.o(.ARM.Collect$$_printf_percent$$0000000A)
    _printf_percent_end                      0x080001b1   Thumb Code     0  _printf_percent_end.o(.ARM.Collect$$_printf_percent$$00000017)
    __rt_lib_init                            0x080001b5   Thumb Code     0  libinit.o(.ARM.Collect$$libinit$$00000000)
    __rt_lib_init_fp_1                       0x080001b7   Thumb Code     0  libinit2.o(.ARM.Collect$$libinit$$00000002)
    __rt_lib_init_heap_1                     0x080001b7   Thumb Code     0  libinit2.o(.ARM.Collect$$libinit$$0000000A)
    __rt_lib_init_lc_common                  0x080001b7   Thumb Code     0  libinit2.o(.ARM.Collect$$libinit$$0000000F)
    __rt_lib_init_preinit_1                  0x080001b7   Thumb Code     0  libinit2.o(.ARM.Collect$$libinit$$00000004)
    __rt_lib_init_rand_1                     0x080001b7   Thumb Code     0  libinit2.o(.ARM.Collect$$libinit$$0000000E)
    __rt_lib_init_user_alloc_1               0x080001b7   Thumb Code     0  libinit2.o(.ARM.Collect$$libinit$$0000000C)
    __rt_lib_init_lc_collate_1               0x080001bd   Thumb Code     0  libinit2.o(.ARM.Collect$$libinit$$00000011)
    __rt_lib_init_lc_ctype_1                 0x080001bd   Thumb Code     0  libinit2.o(.ARM.Collect$$libinit$$00000013)
    __rt_lib_init_lc_monetary_1              0x080001bd   Thumb Code     0  libinit2.o(.ARM.Collect$$libinit$$00000015)
    __rt_lib_init_lc_numeric_2               0x080001bd   Thumb Code     0  libinit2.o(.ARM.Collect$$libinit$$00000016)
    __rt_lib_init_alloca_1                   0x080001c7   Thumb Code     0  libinit2.o(.ARM.Collect$$libinit$$0000002E)
    __rt_lib_init_argv_1                     0x080001c7   Thumb Code     0  libinit2.o(.ARM.Collect$$libinit$$0000002C)
    __rt_lib_init_atexit_1                   0x080001c7   Thumb Code     0  libinit2.o(.ARM.Collect$$libinit$$0000001B)
    __rt_lib_init_clock_1                    0x080001c7   Thumb Code     0  libinit2.o(.ARM.Collect$$libinit$$00000021)
    __rt_lib_init_cpp_1                      0x080001c7   Thumb Code     0  libinit2.o(.ARM.Collect$$libinit$$00000032)
    __rt_lib_init_exceptions_1               0x080001c7   Thumb Code     0  libinit2.o(.ARM.Collect$$libinit$$00000030)
    __rt_lib_init_fp_trap_1                  0x080001c7   Thumb Code     0  libinit2.o(.ARM.Collect$$libinit$$0000001F)
    __rt_lib_init_getenv_1                   0x080001c7   Thumb Code     0  libinit2.o(.ARM.Collect$$libinit$$00000023)
    __rt_lib_init_lc_numeric_1               0x080001c7   Thumb Code     0  libinit2.o(.ARM.Collect$$libinit$$00000017)
    __rt_lib_init_lc_time_1                  0x080001c7   Thumb Code     0  libinit2.o(.ARM.Collect$$libinit$$00000019)
    __rt_lib_init_return                     0x080001c7   Thumb Code     0  libinit2.o(.ARM.Collect$$libinit$$00000033)
    __rt_lib_init_signal_1                   0x080001c7   Thumb Code     0  libinit2.o(.ARM.Collect$$libinit$$0000001D)
    __rt_lib_init_stdio_1                    0x080001c7   Thumb Code     0  libinit2.o(.ARM.Collect$$libinit$$00000025)
    __rt_lib_shutdown                        0x080001c9   Thumb Code     0  libshutdown.o(.ARM.Collect$$libshutdown$$00000000)
    __rt_lib_shutdown_fp_trap_1              0x080001cb   Thumb Code     0  libshutdown2.o(.ARM.Collect$$libshutdown$$00000006)
    __rt_lib_shutdown_heap_1                 0x080001cb   Thumb Code     0  libshutdown2.o(.ARM.Collect$$libshutdown$$0000000E)
    __rt_lib_shutdown_return                 0x080001cb   Thumb Code     0  libshutdown2.o(.ARM.Collect$$libshutdown$$0000000F)
    __rt_lib_shutdown_signal_1               0x080001cb   Thumb Code     0  libshutdown2.o(.ARM.Collect$$libshutdown$$00000009)
    __rt_lib_shutdown_stdio_1                0x080001cb   Thumb Code     0  libshutdown2.o(.ARM.Collect$$libshutdown$$00000003)
    __rt_lib_shutdown_user_alloc_1           0x080001cb   Thumb Code     0  libshutdown2.o(.ARM.Collect$$libshutdown$$0000000B)
    __rt_entry                               0x080001cd   Thumb Code     0  __rtentry.o(.ARM.Collect$$rtentry$$00000000)
    __rt_entry_presh_1                       0x080001cd   Thumb Code     0  __rtentry2.o(.ARM.Collect$$rtentry$$00000002)
    __rt_entry_sh                            0x080001cd   Thumb Code     0  __rtentry4.o(.ARM.Collect$$rtentry$$00000004)
    __rt_entry_li                            0x080001d3   Thumb Code     0  __rtentry2.o(.ARM.Collect$$rtentry$$0000000A)
    __rt_entry_postsh_1                      0x080001d3   Thumb Code     0  __rtentry2.o(.ARM.Collect$$rtentry$$00000009)
    __rt_entry_main                          0x080001d7   Thumb Code     0  __rtentry2.o(.ARM.Collect$$rtentry$$0000000D)
    __rt_entry_postli_1                      0x080001d7   Thumb Code     0  __rtentry2.o(.ARM.Collect$$rtentry$$0000000C)
    __rt_exit                                0x080001df   Thumb Code     0  rtexit.o(.ARM.Collect$$rtexit$$00000000)
    __rt_exit_ls                             0x080001e1   Thumb Code     0  rtexit2.o(.ARM.Collect$$rtexit$$00000003)
    __rt_exit_prels_1                        0x080001e1   Thumb Code     0  rtexit2.o(.ARM.Collect$$rtexit$$00000002)
    __rt_exit_exit                           0x080001e5   Thumb Code     0  rtexit2.o(.ARM.Collect$$rtexit$$00000004)
    Reset_Handler                            0x080001ed   Thumb Code     8  startup_stm32f10x_hd.o(.text)
    ADC1_2_IRQHandler                        0x08000207   Thumb Code     0  startup_stm32f10x_hd.o(.text)
    ADC3_IRQHandler                          0x08000207   Thumb Code     0  startup_stm32f10x_hd.o(.text)
    CAN1_RX1_IRQHandler                      0x08000207   Thumb Code     0  startup_stm32f10x_hd.o(.text)
    CAN1_SCE_IRQHandler                      0x08000207   Thumb Code     0  startup_stm32f10x_hd.o(.text)
    DMA1_Channel1_IRQHandler                 0x08000207   Thumb Code     0  startup_stm32f10x_hd.o(.text)
    DMA1_Channel2_IRQHandler                 0x08000207   Thumb Code     0  startup_stm32f10x_hd.o(.text)
    DMA1_Channel3_IRQHandler                 0x08000207   Thumb Code     0  startup_stm32f10x_hd.o(.text)
    DMA1_Channel4_IRQHandler                 0x08000207   Thumb Code     0  startup_stm32f10x_hd.o(.text)
    DMA1_Channel5_IRQHandler                 0x08000207   Thumb Code     0  startup_stm32f10x_hd.o(.text)
    DMA1_Channel6_IRQHandler                 0x08000207   Thumb Code     0  startup_stm32f10x_hd.o(.text)
    DMA1_Channel7_IRQHandler                 0x08000207   Thumb Code     0  startup_stm32f10x_hd.o(.text)
    DMA2_Channel1_IRQHandler                 0x08000207   Thumb Code     0  startup_stm32f10x_hd.o(.text)
    DMA2_Channel2_IRQHandler                 0x08000207   Thumb Code     0  startup_stm32f10x_hd.o(.text)
    DMA2_Channel3_IRQHandler                 0x08000207   Thumb Code     0  startup_stm32f10x_hd.o(.text)
    DMA2_Channel4_5_IRQHandler               0x08000207   Thumb Code     0  startup_stm32f10x_hd.o(.text)
    EXTI0_IRQHandler                         0x08000207   Thumb Code     0  startup_stm32f10x_hd.o(.text)
    EXTI15_10_IRQHandler                     0x08000207   Thumb Code     0  startup_stm32f10x_hd.o(.text)
    EXTI1_IRQHandler                         0x08000207   Thumb Code     0  startup_stm32f10x_hd.o(.text)
    EXTI2_IRQHandler                         0x08000207   Thumb Code     0  startup_stm32f10x_hd.o(.text)
    EXTI3_IRQHandler                         0x08000207   Thumb Code     0  startup_stm32f10x_hd.o(.text)
    EXTI4_IRQHandler                         0x08000207   Thumb Code     0  startup_stm32f10x_hd.o(.text)
    EXTI9_5_IRQHandler                       0x08000207   Thumb Code     0  startup_stm32f10x_hd.o(.text)
    FLASH_IRQHandler                         0x08000207   Thumb Code     0  startup_stm32f10x_hd.o(.text)
    FSMC_IRQHandler                          0x08000207   Thumb Code     0  startup_stm32f10x_hd.o(.text)
    I2C1_ER_IRQHandler                       0x08000207   Thumb Code     0  startup_stm32f10x_hd.o(.text)
    I2C1_EV_IRQHandler                       0x08000207   Thumb Code     0  startup_stm32f10x_hd.o(.text)
    I2C2_ER_IRQHandler                       0x08000207   Thumb Code     0  startup_stm32f10x_hd.o(.text)
    I2C2_EV_IRQHandler                       0x08000207   Thumb Code     0  startup_stm32f10x_hd.o(.text)
    PVD_IRQHandler                           0x08000207   Thumb Code     0  startup_stm32f10x_hd.o(.text)
    RCC_IRQHandler                           0x08000207   Thumb Code     0  startup_stm32f10x_hd.o(.text)
    RTCAlarm_IRQHandler                      0x08000207   Thumb Code     0  startup_stm32f10x_hd.o(.text)
    RTC_IRQHandler                           0x08000207   Thumb Code     0  startup_stm32f10x_hd.o(.text)
    SDIO_IRQHandler                          0x08000207   Thumb Code     0  startup_stm32f10x_hd.o(.text)
    SPI1_IRQHandler                          0x08000207   Thumb Code     0  startup_stm32f10x_hd.o(.text)
    SPI2_IRQHandler                          0x08000207   Thumb Code     0  startup_stm32f10x_hd.o(.text)
    SPI3_IRQHandler                          0x08000207   Thumb Code     0  startup_stm32f10x_hd.o(.text)
    TAMPER_IRQHandler                        0x08000207   Thumb Code     0  startup_stm32f10x_hd.o(.text)
    TIM1_BRK_IRQHandler                      0x08000207   Thumb Code     0  startup_stm32f10x_hd.o(.text)
    TIM1_CC_IRQHandler                       0x08000207   Thumb Code     0  startup_stm32f10x_hd.o(.text)
    TIM1_TRG_COM_IRQHandler                  0x08000207   Thumb Code     0  startup_stm32f10x_hd.o(.text)
    TIM1_UP_IRQHandler                       0x08000207   Thumb Code     0  startup_stm32f10x_hd.o(.text)
    TIM2_IRQHandler                          0x08000207   Thumb Code     0  startup_stm32f10x_hd.o(.text)
    TIM4_IRQHandler                          0x08000207   Thumb Code     0  startup_stm32f10x_hd.o(.text)
    TIM5_IRQHandler                          0x08000207   Thumb Code     0  startup_stm32f10x_hd.o(.text)
    TIM6_IRQHandler                          0x08000207   Thumb Code     0  startup_stm32f10x_hd.o(.text)
    TIM7_IRQHandler                          0x08000207   Thumb Code     0  startup_stm32f10x_hd.o(.text)
    TIM8_BRK_IRQHandler                      0x08000207   Thumb Code     0  startup_stm32f10x_hd.o(.text)
    TIM8_CC_IRQHandler                       0x08000207   Thumb Code     0  startup_stm32f10x_hd.o(.text)
    TIM8_TRG_COM_IRQHandler                  0x08000207   Thumb Code     0  startup_stm32f10x_hd.o(.text)
    TIM8_UP_IRQHandler                       0x08000207   Thumb Code     0  startup_stm32f10x_hd.o(.text)
    UART4_IRQHandler                         0x08000207   Thumb Code     0  startup_stm32f10x_hd.o(.text)
    UART5_IRQHandler                         0x08000207   Thumb Code     0  startup_stm32f10x_hd.o(.text)
    USART3_IRQHandler                        0x08000207   Thumb Code     0  startup_stm32f10x_hd.o(.text)
    USBWakeUp_IRQHandler                     0x08000207   Thumb Code     0  startup_stm32f10x_hd.o(.text)
    USB_HP_CAN1_TX_IRQHandler                0x08000207   Thumb Code     0  startup_stm32f10x_hd.o(.text)
    USB_LP_CAN1_RX0_IRQHandler               0x08000207   Thumb Code     0  startup_stm32f10x_hd.o(.text)
    WWDG_IRQHandler                          0x08000207   Thumb Code     0  startup_stm32f10x_hd.o(.text)
    __user_initial_stackheap                 0x08000209   Thumb Code     0  startup_stm32f10x_hd.o(.text)
    __use_no_semihosting                     0x0800022d   Thumb Code     2  use_no_semi_2.o(.text)
    __2printf                                0x08000231   Thumb Code    20  noretval__2printf.o(.text)
    _printf_pre_padding                      0x08000249   Thumb Code    44  _printf_pad.o(.text)
    _printf_post_padding                     0x08000275   Thumb Code    34  _printf_pad.o(.text)
    _printf_int_dec                          0x08000299   Thumb Code   104  _printf_dec.o(.text)
    __printf                                 0x08000311   Thumb Code   270  __printf_wp.o(.text)
    __use_two_region_memory                  0x0800041f   Thumb Code     2  heapauxi.o(.text)
    __rt_heap_escrow$2region                 0x08000421   Thumb Code     2  heapauxi.o(.text)
    __rt_heap_expand$2region                 0x08000423   Thumb Code     2  heapauxi.o(.text)
    __I$use$semihosting                      0x08000425   Thumb Code     0  use_no_semi.o(.text)
    __use_no_semihosting_swi                 0x08000425   Thumb Code     2  use_no_semi.o(.text)
    __read_errno                             0x08000427   Thumb Code    10  _rserrno.o(.text)
    __set_errno                              0x08000431   Thumb Code    12  _rserrno.o(.text)
    _printf_int_common                       0x0800043d   Thumb Code   178  _printf_intcommon.o(.text)
    __lib_sel_fp_printf                      0x080004ef   Thumb Code     2  _printf_fp_dec.o(.text)
    _printf_fp_dec_real                      0x0800069d   Thumb Code   620  _printf_fp_dec.o(.text)
    _printf_char_file                        0x08000909   Thumb Code    32  _printf_char_file.o(.text)
    __rt_locale                              0x0800092d   Thumb Code     8  rt_locale_intlibspace.o(.text)
    __aeabi_errno_addr                       0x08000935   Thumb Code     8  rt_errno_addr_intlibspace.o(.text)
    __errno$intlibspace                      0x08000935   Thumb Code     0  rt_errno_addr_intlibspace.o(.text)
    __rt_errno_addr$intlibspace              0x08000935   Thumb Code     0  rt_errno_addr_intlibspace.o(.text)
    _ll_udiv10                               0x0800093d   Thumb Code   138  lludiv10.o(.text)
    _printf_char_common                      0x080009d3   Thumb Code    32  _printf_char_common.o(.text)
    _printf_fp_infnan                        0x080009f9   Thumb Code   112  _printf_fp_infnan.o(.text)
    _btod_etento                             0x08000a79   Thumb Code   216  bigflt0.o(.text)
    ferror                                   0x08000b55   Thumb Code     8  ferror.o(.text)
    __user_libspace                          0x08000b5d   Thumb Code     8  libspace.o(.text)
    __user_perproc_libspace                  0x08000b5d   Thumb Code     0  libspace.o(.text)
    __user_perthread_libspace                0x08000b5d   Thumb Code     0  libspace.o(.text)
    __user_setup_stackheap                   0x08000b65   Thumb Code    74  sys_stackheap_outer.o(.text)
    exit                                     0x08000baf   Thumb Code    12  exit.o(.text)
    strcmp                                   0x08000bbd   Thumb Code   128  strcmpv7m.o(.text)
    _btod_d2e                                0x08000c3d   Thumb Code    62  btod.o(CL$$btod_d2e)
    _d2e_denorm_low                          0x08000c7b   Thumb Code    70  btod.o(CL$$btod_d2e_denorm_low)
    _d2e_norm_op1                            0x08000cc1   Thumb Code    96  btod.o(CL$$btod_d2e_norm_op1)
    __btod_div_common                        0x08000d21   Thumb Code   696  btod.o(CL$$btod_div_common)
    _e2e                                     0x08001059   Thumb Code   198  btod.o(CL$$btod_e2e)
    _btod_ediv                               0x0800111f   Thumb Code    40  btod.o(CL$$btod_ediv)
    _btod_emul                               0x08001147   Thumb Code    40  btod.o(CL$$btod_emul)
    __btod_mult_common                       0x0800116f   Thumb Code   580  btod.o(CL$$btod_mult_common)
    BusFault_Handler                         0x080013b3   Thumb Code     4  stm32f10x_it.o(i.BusFault_Handler)
    DebugMon_Handler                         0x080013b7   Thumb Code     2  stm32f10x_it.o(i.DebugMon_Handler)
    Dly100us                                 0x080013b9   Thumb Code    28  tdc.o(i.Dly100us)
    GPIO_EventOutputConfig                   0x080013d5   Thumb Code    26  stm32f10x_gpio.o(i.GPIO_EventOutputConfig)
    GPIO_Init                                0x080013f5   Thumb Code   278  stm32f10x_gpio.o(i.GPIO_Init)
    GPIO_ReadInputDataBit                    0x0800150b   Thumb Code    18  stm32f10x_gpio.o(i.GPIO_ReadInputDataBit)
    GPIO_ResetBits                           0x0800151d   Thumb Code     4  stm32f10x_gpio.o(i.GPIO_ResetBits)
    GPIO_SetBits                             0x08001521   Thumb Code     4  stm32f10x_gpio.o(i.GPIO_SetBits)
    GPIO_WriteBit                            0x08001525   Thumb Code    10  stm32f10x_gpio.o(i.GPIO_WriteBit)
    Get_Resule                               0x08001531   Thumb Code   574  tdc.o(i.Get_Resule)
    HardFault_Handler                        0x0800189d   Thumb Code     4  stm32f10x_it.o(i.HardFault_Handler)
    KEY_Init                                 0x080018a1   Thumb Code    52  key.o(i.KEY_Init)
    KEY_Scan                                 0x080018dd   Thumb Code   188  key.o(i.KEY_Scan)
    LED_Init                                 0x080019a5   Thumb Code    88  led.o(i.LED_Init)
    MemManage_Handler                        0x08001a05   Thumb Code     4  stm32f10x_it.o(i.MemManage_Handler)
    NMI_Handler                              0x08001a09   Thumb Code     2  stm32f10x_it.o(i.NMI_Handler)
    NVIC_Init                                0x08001a0d   Thumb Code   100  misc.o(i.NVIC_Init)
    NVIC_PriorityGroupConfig                 0x08001a7d   Thumb Code    10  misc.o(i.NVIC_PriorityGroupConfig)
    PendSV_Handler                           0x08001a91   Thumb Code     2  stm32f10x_it.o(i.PendSV_Handler)
    RCC_APB1PeriphClockCmd                   0x08001a95   Thumb Code    26  stm32f10x_rcc.o(i.RCC_APB1PeriphClockCmd)
    RCC_APB1PeriphResetCmd                   0x08001ab5   Thumb Code    26  stm32f10x_rcc.o(i.RCC_APB1PeriphResetCmd)
    RCC_APB2PeriphClockCmd                   0x08001ad5   Thumb Code    26  stm32f10x_rcc.o(i.RCC_APB2PeriphClockCmd)
    RCC_APB2PeriphResetCmd                   0x08001af5   Thumb Code    26  stm32f10x_rcc.o(i.RCC_APB2PeriphResetCmd)
    RCC_GetClocksFreq                        0x08001b15   Thumb Code   192  stm32f10x_rcc.o(i.RCC_GetClocksFreq)
    SPI2_Init                                0x08001be9   Thumb Code   376  spi.o(i.SPI2_Init)
    SPI2_ReadWriteByte                       0x08001d6d   Thumb Code    78  spi.o(i.SPI2_ReadWriteByte)
    SPI2_SetSpeed                            0x08001dc1   Thumb Code    36  spi.o(i.SPI2_SetSpeed)
    SPI_Cmd                                  0x08001de9   Thumb Code    24  stm32f10x_spi.o(i.SPI_Cmd)
    SPI_I2S_DeInit                           0x08001e01   Thumb Code    76  stm32f10x_spi.o(i.SPI_I2S_DeInit)
    SPI_I2S_GetFlagStatus                    0x08001e59   Thumb Code    18  stm32f10x_spi.o(i.SPI_I2S_GetFlagStatus)
    SPI_I2S_ReceiveData                      0x08001e6b   Thumb Code     6  stm32f10x_spi.o(i.SPI_I2S_ReceiveData)
    SPI_I2S_SendData                         0x08001e71   Thumb Code     4  stm32f10x_spi.o(i.SPI_I2S_SendData)
    SPI_Init                                 0x08001e75   Thumb Code    60  stm32f10x_spi.o(i.SPI_Init)
    SPI_SSOutputCmd                          0x08001eb1   Thumb Code    24  stm32f10x_spi.o(i.SPI_SSOutputCmd)
    SVC_Handler                              0x08001ec9   Thumb Code     2  stm32f10x_it.o(i.SVC_Handler)
    Simple_delay_750ns                       0x08001fb5   Thumb Code    14  tdc.o(i.Simple_delay_750ns)
    SysTick_CLKSourceConfig                  0x08001fc3   Thumb Code    40  misc.o(i.SysTick_CLKSourceConfig)
    SysTick_Handler                          0x08001feb   Thumb Code     2  stm32f10x_it.o(i.SysTick_Handler)
    SystemInit                               0x08001fed   Thumb Code    78  system_stm32f10x.o(i.SystemInit)
    TIM3_IRQHandler                          0x0800204d   Thumb Code    72  timer.o(i.TIM3_IRQHandler)
    TIM_ClearITPendingBit                    0x080020ad   Thumb Code     6  stm32f10x_tim.o(i.TIM_ClearITPendingBit)
    TIM_Cmd                                  0x080020b3   Thumb Code    24  stm32f10x_tim.o(i.TIM_Cmd)
    TIM_GetITStatus                          0x080020cb   Thumb Code    34  stm32f10x_tim.o(i.TIM_GetITStatus)
    Tdc_Init                                 0x080020ed   Thumb Code    96  tdc.o(i.Tdc_Init)
    Test_Communication                       0x0800215d   Thumb Code   100  tdc.o(i.Test_Communication)
    USART1_IRQHandler                        0x080021d5   Thumb Code   122  usart.o(i.USART1_IRQHandler)
    USART2_IRQHandler                        0x0800225d   Thumb Code    48  usart1_2.c.o(i.USART2_IRQHandler)
    USART_ClearITPendingBit                  0x08002295   Thumb Code    30  stm32f10x_usart.o(i.USART_ClearITPendingBit)
    USART_Cmd                                0x080022b3   Thumb Code    24  stm32f10x_usart.o(i.USART_Cmd)
    USART_DeInit                             0x080022cd   Thumb Code   134  stm32f10x_usart.o(i.USART_DeInit)
    USART_GetITStatus                        0x08002369   Thumb Code    84  stm32f10x_usart.o(i.USART_GetITStatus)
    USART_ITConfig                           0x080023bd   Thumb Code    74  stm32f10x_usart.o(i.USART_ITConfig)
    USART_Init                               0x08002409   Thumb Code   210  stm32f10x_usart.o(i.USART_Init)
    USART_ReceiveData                        0x080024e1   Thumb Code    10  stm32f10x_usart.o(i.USART_ReceiveData)
    USART_SendData                           0x080024eb   Thumb Code     8  stm32f10x_usart.o(i.USART_SendData)
    USTAR1_2_Init                            0x080024f5   Thumb Code   280  usart1_2.c.o(i.USTAR1_2_Init)
    UsageFault_Handler                       0x08002619   Thumb Code     4  stm32f10x_it.o(i.UsageFault_Handler)
    __ARM_fpclassify                         0x0800261d   Thumb Code    40  fpclassify.o(i.__ARM_fpclassify)
    __kernel_poly                            0x08002645   Thumb Code   170  poly.o(i.__kernel_poly)
    __mathlib_dbl_divzero                    0x080026f1   Thumb Code    12  dunder.o(i.__mathlib_dbl_divzero)
    __mathlib_dbl_infnan2                    0x08002701   Thumb Code     4  dunder.o(i.__mathlib_dbl_infnan2)
    __mathlib_dbl_invalid                    0x08002705   Thumb Code    12  dunder.o(i.__mathlib_dbl_invalid)
    __mathlib_dbl_overflow                   0x08002711   Thumb Code    14  dunder.o(i.__mathlib_dbl_overflow)
    __mathlib_dbl_underflow                  0x08002721   Thumb Code    10  dunder.o(i.__mathlib_dbl_underflow)
    _is_digit                                0x08002731   Thumb Code    14  __printf_wp.o(i._is_digit)
    _sys_exit                                0x0800273f   Thumb Code     6  usart.o(i._sys_exit)
    delay_init                               0x08002745   Thumb Code    50  delay.o(i.delay_init)
    delay_ms                                 0x08002789   Thumb Code    72  delay.o(i.delay_ms)
    delay_us                                 0x080027d5   Thumb Code    72  delay.o(i.delay_us)
    fputc                                    0x08002821   Thumb Code    24  usart.o(i.fputc)
    gp22_analyse_error_bit                   0x0800283d   Thumb Code   128  tdc.o(i.gp22_analyse_error_bit)
    gp22_read_n_bytes                        0x08002971   Thumb Code   224  tdc.o(i.gp22_read_n_bytes)
    gp22_read_status_bytes                   0x08002a55   Thumb Code   160  tdc.o(i.gp22_read_status_bytes)
    gp22_send_1byte                          0x08002af9   Thumb Code    72  tdc.o(i.gp22_send_1byte)
    gp22_wr_config_reg                       0x08002b45   Thumb Code   210  tdc.o(i.gp22_wr_config_reg)
    main                                     0x08002c1d   Thumb Code   130  main.o(i.main)
    pow                                      0x08002ca5   Thumb Code  2478  pow.o(i.pow)
    sqrt                                     0x0800365d   Thumb Code    76  sqrt.o(i.sqrt)
    _get_lc_numeric                          0x080036a9   Thumb Code    44  lc_numeric_c.o(locale$$code)
    __aeabi_d2f                              0x080036d5   Thumb Code     0  d2f.o(x$fpl$d2f)
    _d2f                                     0x080036d5   Thumb Code    98  d2f.o(x$fpl$d2f)
    __aeabi_dadd                             0x08003739   Thumb Code     0  daddsub_clz.o(x$fpl$dadd)
    _dadd                                    0x08003739   Thumb Code   332  daddsub_clz.o(x$fpl$dadd)
    __fpl_dcheck_NaN1                        0x08003889   Thumb Code    10  dcheck1.o(x$fpl$dcheck1)
    __fpl_dcmp_Inf                           0x08003899   Thumb Code    24  dcmpi.o(x$fpl$dcmpinf)
    __aeabi_ddiv                             0x080038b1   Thumb Code     0  ddiv.o(x$fpl$ddiv)
    _ddiv                                    0x080038b1   Thumb Code   552  ddiv.o(x$fpl$ddiv)
    __aeabi_i2d                              0x08003b61   Thumb Code     0  dflt_clz.o(x$fpl$dflt)
    _dflt                                    0x08003b61   Thumb Code    46  dflt_clz.o(x$fpl$dflt)
    __aeabi_ui2d                             0x08003b8f   Thumb Code     0  dflt_clz.o(x$fpl$dfltu)
    _dfltu                                   0x08003b8f   Thumb Code    38  dflt_clz.o(x$fpl$dfltu)
    __aeabi_cdcmple                          0x08003bb5   Thumb Code     0  dleqf.o(x$fpl$dleqf)
    _dcmple                                  0x08003bb5   Thumb Code   120  dleqf.o(x$fpl$dleqf)
    __fpl_dcmple_InfNaN                      0x08003c17   Thumb Code     0  dleqf.o(x$fpl$dleqf)
    __aeabi_dmul                             0x08003c2d   Thumb Code     0  dmul.o(x$fpl$dmul)
    _dmul                                    0x08003c2d   Thumb Code   332  dmul.o(x$fpl$dmul)
    __fpl_dnaninf                            0x08003d81   Thumb Code   156  dnaninf.o(x$fpl$dnaninf)
    __fpl_dretinf                            0x08003e1d   Thumb Code    12  dretinf.o(x$fpl$dretinf)
    __aeabi_cdrcmple                         0x08003e29   Thumb Code     0  drleqf.o(x$fpl$drleqf)
    _drcmple                                 0x08003e29   Thumb Code   108  drleqf.o(x$fpl$drleqf)
    __aeabi_drsub                            0x08003e95   Thumb Code     0  daddsub_clz.o(x$fpl$drsb)
    _drsb                                    0x08003e95   Thumb Code    22  daddsub_clz.o(x$fpl$drsb)
    _dsqrt                                   0x08003ead   Thumb Code   456  dsqrt_noumaal.o(x$fpl$dsqrt)
    __aeabi_dsub                             0x08004079   Thumb Code     0  daddsub_clz.o(x$fpl$dsub)
    _dsub                                    0x08004079   Thumb Code   464  daddsub_clz.o(x$fpl$dsub)
    __aeabi_f2d                              0x0800424d   Thumb Code     0  f2d.o(x$fpl$f2d)
    _f2d                                     0x0800424d   Thumb Code    86  f2d.o(x$fpl$f2d)
    __aeabi_fadd                             0x080042a5   Thumb Code     0  faddsub_clz.o(x$fpl$fadd)
    _fadd                                    0x080042a5   Thumb Code   196  faddsub_clz.o(x$fpl$fadd)
    __fpl_fcmp_Inf                           0x08004369   Thumb Code    24  fcmpi.o(x$fpl$fcmpinf)
    __aeabi_fdiv                             0x08004381   Thumb Code     0  fdiv.o(x$fpl$fdiv)
    _fdiv                                    0x08004381   Thumb Code   384  fdiv.o(x$fpl$fdiv)
    __aeabi_cfcmpeq                          0x08004505   Thumb Code     0  feqf.o(x$fpl$feqf)
    _fcmpeq                                  0x08004505   Thumb Code   104  feqf.o(x$fpl$feqf)
    __aeabi_f2uiz                            0x0800456d   Thumb Code     0  ffixu.o(x$fpl$ffixu)
    _ffixu                                   0x0800456d   Thumb Code    62  ffixu.o(x$fpl$ffixu)
    __aeabi_fmul                             0x080045ad   Thumb Code     0  fmul.o(x$fpl$fmul)
    _fmul                                    0x080045ad   Thumb Code   258  fmul.o(x$fpl$fmul)
    __fpl_fnaninf                            0x080046af   Thumb Code   140  fnaninf.o(x$fpl$fnaninf)
    __fpl_fretinf                            0x0800473b   Thumb Code    10  fretinf.o(x$fpl$fretinf)
    __aeabi_fsub                             0x08004745   Thumb Code     0  faddsub_clz.o(x$fpl$fsub)
    _fsub                                    0x08004745   Thumb Code   234  faddsub_clz.o(x$fpl$fsub)
    _printf_fp_dec                           0x0800482f   Thumb Code     4  printf1.o(x$fpl$printf1)
    __fpl_return_NaN                         0x08004833   Thumb Code   100  retnan.o(x$fpl$retnan)
    __ARM_scalbn                             0x08004897   Thumb Code    92  scalbn.o(x$fpl$scalbn)
    __fpl_cmpreturn                          0x080048f3   Thumb Code    48  trapv.o(x$fpl$trapveneer)
    __I$use$fp                               0x08004922   Number         0  usenofp.o(x$fpl$usenofp)
    __mathlib_zero                           0x080049b0   Data           8  qnan.o(.constdata)
    Region$$Table$$Base                      0x08004ba8   Number         0  anon$$obj.o(Region$$Table)
    Region$$Table$$Limit                     0x08004bc8   Number         0  anon$$obj.o(Region$$Table)
    SystemCoreClock                          0x20000000   Data           4  system_stm32f10x.o(.data)
    AHBPrescTable                            0x20000004   Data          16  system_stm32f10x.o(.data)
    __stdout                                 0x20000018   Data           4  usart.o(.data)
    USART_RX_STA                             0x2000001c   Data           2  usart.o(.data)
    CriticalSecCntr                          0x20000034   Data           4  tdc.o(.data)
    configured_true                          0x20000038   Data           1  tdc.o(.data)
    CLKHS_freq                               0x2000003c   Data           4  tdc.o(.data)
    CLKHS_freq_cal                           0x20000040   Data           4  tdc.o(.data)
    CLKHS_freq_corr_fact                     0x20000044   Data           4  tdc.o(.data)
    avg_diff_Cal2_Cal1                       0x20000048   Data           4  tdc.o(.data)
    diff_Cal2_Cal1_old                       0x2000004c   Data           4  tdc.o(.data)
    diff_Cal2_Cal1_new                       0x20000050   Data           4  tdc.o(.data)
    average_RAW_Result                       0x20000054   Data           4  tdc.o(.data)
    RAW_Result                               0x20000058   Data           4  tdc.o(.data)
    Time_Result                              0x2000005c   Data           4  tdc.o(.data)
    Distance_Result                          0x20000060   Data           4  tdc.o(.data)
    N_Measure_Cycles                         0x20000064   Data           4  tdc.o(.data)
    Error_Bit                                0x20000068   Data           1  tdc.o(.data)
    R0_at_0C                                 0x2000006c   Data           4  tdc.o(.data)
    Coeff_A                                  0x20000070   Data           4  tdc.o(.data)
    Coeff_B                                  0x20000074   Data           4  tdc.o(.data)
    R1                                       0x20000078   Data           4  tdc.o(.data)
    R2                                       0x2000007c   Data           4  tdc.o(.data)
    corr_fact                                0x20000080   Data           4  tdc.o(.data)
    Init                                     0x20000084   Data           1  tdc.o(.data)
    Power_On_Reset                           0x20000085   Data           1  tdc.o(.data)
    Start_TOF                                0x20000086   Data           1  tdc.o(.data)
    Start_Temp                               0x20000087   Data           1  tdc.o(.data)
    Start_Cal_Resonator                      0x20000088   Data           1  tdc.o(.data)
    Start_Cal_TDC                            0x20000089   Data           1  tdc.o(.data)
    Start_TOF_Restart                        0x2000008a   Data           1  tdc.o(.data)
    Start_Temp_Restart                       0x2000008b   Data           1  tdc.o(.data)
    sram_memory                              0x2000008c   Data           4  tdc.o(.data)
    sram_mem_offset                          0x20000090   Data           4  tdc.o(.data)
    Dummy_var                                0x20000094   Data           4  tdc.o(.data)
    i                                        0x20000098   Data           4  tdc.o(.data)
    j                                        0x2000009c   Data           4  tdc.o(.data)
    USART_RX_BUF                             0x200000a4   Data         200  usart.o(.bss)
    __libspace_start                         0x2000016c   Data          96  libspace.o(.bss)
    __temporary_stack_top$libspace           0x200001cc   Data           0  libspace.o(.bss)



==============================================================================

Memory Map of the image

  Image Entry point : 0x080001ed

  Load Region LR_1 (Base: 0x08000000, Size: 0x00004c88, Max: 0xffffffff, ABSOLUTE)

    Execution Region ER_RO (Base: 0x08000000, Size: 0x00004be4, Max: 0xffffffff, ABSOLUTE)

    Base Addr    Size         Type   Attr      Idx    E Section Name        Object

    0x08000000   0x00000130   Data   RO          363    RESET               startup_stm32f10x_hd.o
    0x08000130   0x00000008   Code   RO         3560  * !!!main             c_w.l(__main.o)
    0x08000138   0x00000034   Code   RO         3883    !!!scatter          c_w.l(__scatter.o)
    0x0800016c   0x0000001a   Code   RO         3885    !!handler_copy      c_w.l(__scatter_copy.o)
    0x08000186   0x00000002   PAD
    0x08000188   0x0000001c   Code   RO         3887    !!handler_zi        c_w.l(__scatter_zi.o)
    0x080001a4   0x00000000   Code   RO         3557    .ARM.Collect$$_printf_percent$$00000000  c_w.l(_printf_percent.o)
    0x080001a4   0x00000006   Code   RO         3556    .ARM.Collect$$_printf_percent$$00000003  c_w.l(_printf_f.o)
    0x080001aa   0x00000006   Code   RO         3555    .ARM.Collect$$_printf_percent$$0000000A  c_w.l(_printf_u.o)
    0x080001b0   0x00000004   Code   RO         3619    .ARM.Collect$$_printf_percent$$00000017  c_w.l(_printf_percent_end.o)
    0x080001b4   0x00000002   Code   RO         3755    .ARM.Collect$$libinit$$00000000  c_w.l(libinit.o)
    0x080001b6   0x00000000   Code   RO         3757    .ARM.Collect$$libinit$$00000002  c_w.l(libinit2.o)
    0x080001b6   0x00000000   Code   RO         3759    .ARM.Collect$$libinit$$00000004  c_w.l(libinit2.o)
    0x080001b6   0x00000000   Code   RO         3762    .ARM.Collect$$libinit$$0000000A  c_w.l(libinit2.o)
    0x080001b6   0x00000000   Code   RO         3764    .ARM.Collect$$libinit$$0000000C  c_w.l(libinit2.o)
    0x080001b6   0x00000000   Code   RO         3766    .ARM.Collect$$libinit$$0000000E  c_w.l(libinit2.o)
    0x080001b6   0x00000006   Code   RO         3767    .ARM.Collect$$libinit$$0000000F  c_w.l(libinit2.o)
    0x080001bc   0x00000000   Code   RO         3769    .ARM.Collect$$libinit$$00000011  c_w.l(libinit2.o)
    0x080001bc   0x00000000   Code   RO         3771    .ARM.Collect$$libinit$$00000013  c_w.l(libinit2.o)
    0x080001bc   0x00000000   Code   RO         3773    .ARM.Collect$$libinit$$00000015  c_w.l(libinit2.o)
    0x080001bc   0x0000000a   Code   RO         3774    .ARM.Collect$$libinit$$00000016  c_w.l(libinit2.o)
    0x080001c6   0x00000000   Code   RO         3775    .ARM.Collect$$libinit$$00000017  c_w.l(libinit2.o)
    0x080001c6   0x00000000   Code   RO         3777    .ARM.Collect$$libinit$$00000019  c_w.l(libinit2.o)
    0x080001c6   0x00000000   Code   RO         3779    .ARM.Collect$$libinit$$0000001B  c_w.l(libinit2.o)
    0x080001c6   0x00000000   Code   RO         3781    .ARM.Collect$$libinit$$0000001D  c_w.l(libinit2.o)
    0x080001c6   0x00000000   Code   RO         3783    .ARM.Collect$$libinit$$0000001F  c_w.l(libinit2.o)
    0x080001c6   0x00000000   Code   RO         3785    .ARM.Collect$$libinit$$00000021  c_w.l(libinit2.o)
    0x080001c6   0x00000000   Code   RO         3787    .ARM.Collect$$libinit$$00000023  c_w.l(libinit2.o)
    0x080001c6   0x00000000   Code   RO         3789    .ARM.Collect$$libinit$$00000025  c_w.l(libinit2.o)
    0x080001c6   0x00000000   Code   RO         3793    .ARM.Collect$$libinit$$0000002C  c_w.l(libinit2.o)
    0x080001c6   0x00000000   Code   RO         3795    .ARM.Collect$$libinit$$0000002E  c_w.l(libinit2.o)
    0x080001c6   0x00000000   Code   RO         3797    .ARM.Collect$$libinit$$00000030  c_w.l(libinit2.o)
    0x080001c6   0x00000000   Code   RO         3799    .ARM.Collect$$libinit$$00000032  c_w.l(libinit2.o)
    0x080001c6   0x00000002   Code   RO         3800    .ARM.Collect$$libinit$$00000033  c_w.l(libinit2.o)
    0x080001c8   0x00000002   Code   RO         3834    .ARM.Collect$$libshutdown$$00000000  c_w.l(libshutdown.o)
    0x080001ca   0x00000000   Code   RO         3844    .ARM.Collect$$libshutdown$$00000003  c_w.l(libshutdown2.o)
    0x080001ca   0x00000000   Code   RO         3847    .ARM.Collect$$libshutdown$$00000006  c_w.l(libshutdown2.o)
    0x080001ca   0x00000000   Code   RO         3850    .ARM.Collect$$libshutdown$$00000009  c_w.l(libshutdown2.o)
    0x080001ca   0x00000000   Code   RO         3852    .ARM.Collect$$libshutdown$$0000000B  c_w.l(libshutdown2.o)
    0x080001ca   0x00000000   Code   RO         3855    .ARM.Collect$$libshutdown$$0000000E  c_w.l(libshutdown2.o)
    0x080001ca   0x00000002   Code   RO         3856    .ARM.Collect$$libshutdown$$0000000F  c_w.l(libshutdown2.o)
    0x080001cc   0x00000000   Code   RO         3610    .ARM.Collect$$rtentry$$00000000  c_w.l(__rtentry.o)
    0x080001cc   0x00000000   Code   RO         3669    .ARM.Collect$$rtentry$$00000002  c_w.l(__rtentry2.o)
    0x080001cc   0x00000006   Code   RO         3681    .ARM.Collect$$rtentry$$00000004  c_w.l(__rtentry4.o)
    0x080001d2   0x00000000   Code   RO         3671    .ARM.Collect$$rtentry$$00000009  c_w.l(__rtentry2.o)
    0x080001d2   0x00000004   Code   RO         3672    .ARM.Collect$$rtentry$$0000000A  c_w.l(__rtentry2.o)
    0x080001d6   0x00000000   Code   RO         3674    .ARM.Collect$$rtentry$$0000000C  c_w.l(__rtentry2.o)
    0x080001d6   0x00000008   Code   RO         3675    .ARM.Collect$$rtentry$$0000000D  c_w.l(__rtentry2.o)
    0x080001de   0x00000002   Code   RO         3805    .ARM.Collect$$rtexit$$00000000  c_w.l(rtexit.o)
    0x080001e0   0x00000000   Code   RO         3814    .ARM.Collect$$rtexit$$00000002  c_w.l(rtexit2.o)
    0x080001e0   0x00000004   Code   RO         3815    .ARM.Collect$$rtexit$$00000003  c_w.l(rtexit2.o)
    0x080001e4   0x00000006   Code   RO         3816    .ARM.Collect$$rtexit$$00000004  c_w.l(rtexit2.o)
    0x080001ea   0x00000002   PAD
    0x080001ec   0x00000040   Code   RO          364  * .text               startup_stm32f10x_hd.o
    0x0800022c   0x00000002   Code   RO         3523    .text               c_w.l(use_no_semi_2.o)
    0x0800022e   0x00000002   PAD
    0x08000230   0x00000018   Code   RO         3527    .text               c_w.l(noretval__2printf.o)
    0x08000248   0x0000004e   Code   RO         3531    .text               c_w.l(_printf_pad.o)
    0x08000296   0x00000002   PAD
    0x08000298   0x00000078   Code   RO         3533    .text               c_w.l(_printf_dec.o)
    0x08000310   0x0000010e   Code   RO         3543    .text               c_w.l(__printf_wp.o)
    0x0800041e   0x00000006   Code   RO         3558    .text               c_w.l(heapauxi.o)
    0x08000424   0x00000002   Code   RO         3608    .text               c_w.l(use_no_semi.o)
    0x08000426   0x00000016   Code   RO         3611    .text               c_w.l(_rserrno.o)
    0x0800043c   0x000000b2   Code   RO         3613    .text               c_w.l(_printf_intcommon.o)
    0x080004ee   0x0000041a   Code   RO         3615    .text               c_w.l(_printf_fp_dec.o)
    0x08000908   0x00000024   Code   RO         3617    .text               c_w.l(_printf_char_file.o)
    0x0800092c   0x00000008   Code   RO         3686    .text               c_w.l(rt_locale_intlibspace.o)
    0x08000934   0x00000008   Code   RO         3691    .text               c_w.l(rt_errno_addr_intlibspace.o)
    0x0800093c   0x0000008a   Code   RO         3693    .text               c_w.l(lludiv10.o)
    0x080009c6   0x00000002   PAD
    0x080009c8   0x00000030   Code   RO         3695    .text               c_w.l(_printf_char_common.o)
    0x080009f8   0x00000080   Code   RO         3697    .text               c_w.l(_printf_fp_infnan.o)
    0x08000a78   0x000000dc   Code   RO         3699    .text               c_w.l(bigflt0.o)
    0x08000b54   0x00000008   Code   RO         3724    .text               c_w.l(ferror.o)
    0x08000b5c   0x00000008   Code   RO         3739    .text               c_w.l(libspace.o)
    0x08000b64   0x0000004a   Code   RO         3742    .text               c_w.l(sys_stackheap_outer.o)
    0x08000bae   0x0000000c   Code   RO         3746    .text               c_w.l(exit.o)
    0x08000bba   0x00000002   PAD
    0x08000bbc   0x00000080   Code   RO         3748    .text               c_w.l(strcmpv7m.o)
    0x08000c3c   0x0000003e   Code   RO         3702    CL$$btod_d2e        c_w.l(btod.o)
    0x08000c7a   0x00000046   Code   RO         3704    CL$$btod_d2e_denorm_low  c_w.l(btod.o)
    0x08000cc0   0x00000060   Code   RO         3703    CL$$btod_d2e_norm_op1  c_w.l(btod.o)
    0x08000d20   0x00000338   Code   RO         3712    CL$$btod_div_common  c_w.l(btod.o)
    0x08001058   0x000000c6   Code   RO         3709    CL$$btod_e2e        c_w.l(btod.o)
    0x0800111e   0x00000028   Code   RO         3706    CL$$btod_ediv       c_w.l(btod.o)
    0x08001146   0x00000028   Code   RO         3705    CL$$btod_emul       c_w.l(btod.o)
    0x0800116e   0x00000244   Code   RO         3711    CL$$btod_mult_common  c_w.l(btod.o)
    0x080013b2   0x00000004   Code   RO          132    i.BusFault_Handler  stm32f10x_it.o
    0x080013b6   0x00000002   Code   RO          133    i.DebugMon_Handler  stm32f10x_it.o
    0x080013b8   0x0000001c   Code   RO         3371    i.Dly100us          tdc.o
    0x080013d4   0x00000020   Code   RO         1518    i.GPIO_EventOutputConfig  stm32f10x_gpio.o
    0x080013f4   0x00000116   Code   RO         1519    i.GPIO_Init         stm32f10x_gpio.o
    0x0800150a   0x00000012   Code   RO         1523    i.GPIO_ReadInputDataBit  stm32f10x_gpio.o
    0x0800151c   0x00000004   Code   RO         1526    i.GPIO_ResetBits    stm32f10x_gpio.o
    0x08001520   0x00000004   Code   RO         1527    i.GPIO_SetBits      stm32f10x_gpio.o
    0x08001524   0x0000000a   Code   RO         1530    i.GPIO_WriteBit     stm32f10x_gpio.o
    0x0800152e   0x00000002   PAD
    0x08001530   0x0000036c   Code   RO         3374    i.Get_Resule        tdc.o
    0x0800189c   0x00000004   Code   RO          134    i.HardFault_Handler  stm32f10x_it.o
    0x080018a0   0x0000003c   Code   RO         3484    i.KEY_Init          key.o
    0x080018dc   0x000000c8   Code   RO         3485    i.KEY_Scan          key.o
    0x080019a4   0x00000060   Code   RO         3335    i.LED_Init          led.o
    0x08001a04   0x00000004   Code   RO          135    i.MemManage_Handler  stm32f10x_it.o
    0x08001a08   0x00000002   Code   RO          136    i.NMI_Handler       stm32f10x_it.o
    0x08001a0a   0x00000002   PAD
    0x08001a0c   0x00000070   Code   RO          368    i.NVIC_Init         misc.o
    0x08001a7c   0x00000014   Code   RO          369    i.NVIC_PriorityGroupConfig  misc.o
    0x08001a90   0x00000002   Code   RO          137    i.PendSV_Handler    stm32f10x_it.o
    0x08001a92   0x00000002   PAD
    0x08001a94   0x00000020   Code   RO         1935    i.RCC_APB1PeriphClockCmd  stm32f10x_rcc.o
    0x08001ab4   0x00000020   Code   RO         1936    i.RCC_APB1PeriphResetCmd  stm32f10x_rcc.o
    0x08001ad4   0x00000020   Code   RO         1937    i.RCC_APB2PeriphClockCmd  stm32f10x_rcc.o
    0x08001af4   0x00000020   Code   RO         1938    i.RCC_APB2PeriphResetCmd  stm32f10x_rcc.o
    0x08001b14   0x000000d4   Code   RO         1945    i.RCC_GetClocksFreq  stm32f10x_rcc.o
    0x08001be8   0x00000184   Code   RO         3347    i.SPI2_Init         spi.o
    0x08001d6c   0x00000054   Code   RO         3348    i.SPI2_ReadWriteByte  spi.o
    0x08001dc0   0x00000028   Code   RO         3349    i.SPI2_SetSpeed     spi.o
    0x08001de8   0x00000018   Code   RO         2414    i.SPI_Cmd           stm32f10x_spi.o
    0x08001e00   0x00000058   Code   RO         2421    i.SPI_I2S_DeInit    stm32f10x_spi.o
    0x08001e58   0x00000012   Code   RO         2422    i.SPI_I2S_GetFlagStatus  stm32f10x_spi.o
    0x08001e6a   0x00000006   Code   RO         2425    i.SPI_I2S_ReceiveData  stm32f10x_spi.o
    0x08001e70   0x00000004   Code   RO         2426    i.SPI_I2S_SendData  stm32f10x_spi.o
    0x08001e74   0x0000003c   Code   RO         2427    i.SPI_Init          stm32f10x_spi.o
    0x08001eb0   0x00000018   Code   RO         2429    i.SPI_SSOutputCmd   stm32f10x_spi.o
    0x08001ec8   0x00000002   Code   RO          138    i.SVC_Handler       stm32f10x_it.o
    0x08001eca   0x00000008   Code   RO          195    i.SetSysClock       system_stm32f10x.o
    0x08001ed2   0x00000002   PAD
    0x08001ed4   0x000000e0   Code   RO          196    i.SetSysClockTo72   system_stm32f10x.o
    0x08001fb4   0x0000000e   Code   RO         3375    i.Simple_delay_750ns  tdc.o
    0x08001fc2   0x00000028   Code   RO          372    i.SysTick_CLKSourceConfig  misc.o
    0x08001fea   0x00000002   Code   RO          139    i.SysTick_Handler   stm32f10x_it.o
    0x08001fec   0x00000060   Code   RO          198    i.SystemInit        system_stm32f10x.o
    0x0800204c   0x00000060   Code   RO         3503    i.TIM3_IRQHandler   timer.o
    0x080020ac   0x00000006   Code   RO         2564    i.TIM_ClearITPendingBit  stm32f10x_tim.o
    0x080020b2   0x00000018   Code   RO         2569    i.TIM_Cmd           stm32f10x_tim.o
    0x080020ca   0x00000022   Code   RO         2590    i.TIM_GetITStatus   stm32f10x_tim.o
    0x080020ec   0x00000070   Code   RO         3376    i.Tdc_Init          tdc.o
    0x0800215c   0x00000078   Code   RO         3377    i.Test_Communication  tdc.o
    0x080021d4   0x00000088   Code   RO          310    i.USART1_IRQHandler  usart.o
    0x0800225c   0x00000038   Code   RO         3466    i.USART2_IRQHandler  usart1_2.c.o
    0x08002294   0x0000001e   Code   RO         3102    i.USART_ClearITPendingBit  stm32f10x_usart.o
    0x080022b2   0x00000018   Code   RO         3105    i.USART_Cmd         stm32f10x_usart.o
    0x080022ca   0x00000002   PAD
    0x080022cc   0x0000009c   Code   RO         3107    i.USART_DeInit      stm32f10x_usart.o
    0x08002368   0x00000054   Code   RO         3109    i.USART_GetITStatus  stm32f10x_usart.o
    0x080023bc   0x0000004a   Code   RO         3111    i.USART_ITConfig    stm32f10x_usart.o
    0x08002406   0x00000002   PAD
    0x08002408   0x000000d8   Code   RO         3112    i.USART_Init        stm32f10x_usart.o
    0x080024e0   0x0000000a   Code   RO         3119    i.USART_ReceiveData  stm32f10x_usart.o
    0x080024ea   0x00000008   Code   RO         3122    i.USART_SendData    stm32f10x_usart.o
    0x080024f2   0x00000002   PAD
    0x080024f4   0x00000124   Code   RO         3467    i.USTAR1_2_Init     usart1_2.c.o
    0x08002618   0x00000004   Code   RO          140    i.UsageFault_Handler  stm32f10x_it.o
    0x0800261c   0x00000028   Code   RO         3655    i.__ARM_fpclassify  m_ws.l(fpclassify.o)
    0x08002644   0x000000aa   Code   RO         3657    i.__kernel_poly     m_ws.l(poly.o)
    0x080026ee   0x00000002   PAD
    0x080026f0   0x00000010   Code   RO         3641    i.__mathlib_dbl_divzero  m_ws.l(dunder.o)
    0x08002700   0x00000004   Code   RO         3643    i.__mathlib_dbl_infnan2  m_ws.l(dunder.o)
    0x08002704   0x0000000c   Code   RO         3644    i.__mathlib_dbl_invalid  m_ws.l(dunder.o)
    0x08002710   0x0000000e   Code   RO         3645    i.__mathlib_dbl_overflow  m_ws.l(dunder.o)
    0x0800271e   0x00000002   PAD
    0x08002720   0x00000010   Code   RO         3647    i.__mathlib_dbl_underflow  m_ws.l(dunder.o)
    0x08002730   0x0000000e   Code   RO         3545    i._is_digit         c_w.l(__printf_wp.o)
    0x0800273e   0x00000006   Code   RO          311    i._sys_exit         usart.o
    0x08002744   0x00000044   Code   RO          229    i.delay_init        delay.o
    0x08002788   0x0000004c   Code   RO          230    i.delay_ms          delay.o
    0x080027d4   0x0000004c   Code   RO          231    i.delay_us          delay.o
    0x08002820   0x0000001c   Code   RO          312    i.fputc             usart.o
    0x0800283c   0x00000134   Code   RO         3378    i.gp22_analyse_error_bit  tdc.o
    0x08002970   0x000000e4   Code   RO         3379    i.gp22_read_n_bytes  tdc.o
    0x08002a54   0x000000a4   Code   RO         3380    i.gp22_read_status_bytes  tdc.o
    0x08002af8   0x0000004c   Code   RO         3381    i.gp22_send_1byte   tdc.o
    0x08002b44   0x000000d8   Code   RO         3383    i.gp22_wr_config_reg  tdc.o
    0x08002c1c   0x00000088   Code   RO            2    i.main              main.o
    0x08002ca4   0x000009b8   Code   RO         3599    i.pow               m_ws.l(pow.o)
    0x0800365c   0x0000004c   Code   RO         3661    i.sqrt              m_ws.l(sqrt.o)
    0x080036a8   0x0000002c   Code   RO         3729    locale$$code        c_w.l(lc_numeric_c.o)
    0x080036d4   0x00000062   Code   RO         3562    x$fpl$d2f           fz_ws.l(d2f.o)
    0x08003736   0x00000002   PAD
    0x08003738   0x00000150   Code   RO         3620    x$fpl$dadd          fz_ws.l(daddsub_clz.o)
    0x08003888   0x00000010   Code   RO         3731    x$fpl$dcheck1       fz_ws.l(dcheck1.o)
    0x08003898   0x00000018   Code   RO         3801    x$fpl$dcmpinf       fz_ws.l(dcmpi.o)
    0x080038b0   0x000002b0   Code   RO         3565    x$fpl$ddiv          fz_ws.l(ddiv.o)
    0x08003b60   0x0000002e   Code   RO         3569    x$fpl$dflt          fz_ws.l(dflt_clz.o)
    0x08003b8e   0x00000026   Code   RO         3568    x$fpl$dfltu         fz_ws.l(dflt_clz.o)
    0x08003bb4   0x00000078   Code   RO         3733    x$fpl$dleqf         fz_ws.l(dleqf.o)
    0x08003c2c   0x00000154   Code   RO         3574    x$fpl$dmul          fz_ws.l(dmul.o)
    0x08003d80   0x0000009c   Code   RO         3626    x$fpl$dnaninf       fz_ws.l(dnaninf.o)
    0x08003e1c   0x0000000c   Code   RO         3628    x$fpl$dretinf       fz_ws.l(dretinf.o)
    0x08003e28   0x0000006c   Code   RO         3630    x$fpl$drleqf        fz_ws.l(drleqf.o)
    0x08003e94   0x00000016   Code   RO         3621    x$fpl$drsb          fz_ws.l(daddsub_clz.o)
    0x08003eaa   0x00000002   PAD
    0x08003eac   0x000001cc   Code   RO         3735    x$fpl$dsqrt         fz_ws.l(dsqrt_noumaal.o)
    0x08004078   0x000001d4   Code   RO         3622    x$fpl$dsub          fz_ws.l(daddsub_clz.o)
    0x0800424c   0x00000056   Code   RO         3576    x$fpl$f2d           fz_ws.l(f2d.o)
    0x080042a2   0x00000002   PAD
    0x080042a4   0x000000c4   Code   RO         3578    x$fpl$fadd          fz_ws.l(faddsub_clz.o)
    0x08004368   0x00000018   Code   RO         3632    x$fpl$fcmpinf       fz_ws.l(fcmpi.o)
    0x08004380   0x00000184   Code   RO         3585    x$fpl$fdiv          fz_ws.l(fdiv.o)
    0x08004504   0x00000068   Code   RO         3588    x$fpl$feqf          fz_ws.l(feqf.o)
    0x0800456c   0x0000003e   Code   RO         3590    x$fpl$ffixu         fz_ws.l(ffixu.o)
    0x080045aa   0x00000002   PAD
    0x080045ac   0x00000102   Code   RO         3594    x$fpl$fmul          fz_ws.l(fmul.o)
    0x080046ae   0x0000008c   Code   RO         3634    x$fpl$fnaninf       fz_ws.l(fnaninf.o)
    0x0800473a   0x0000000a   Code   RO         3636    x$fpl$fretinf       fz_ws.l(fretinf.o)
    0x08004744   0x000000ea   Code   RO         3580    x$fpl$fsub          fz_ws.l(faddsub_clz.o)
    0x0800482e   0x00000004   Code   RO         3596    x$fpl$printf1       fz_ws.l(printf1.o)
    0x08004832   0x00000064   Code   RO         3803    x$fpl$retnan        fz_ws.l(retnan.o)
    0x08004896   0x0000005c   Code   RO         3638    x$fpl$scalbn        fz_ws.l(scalbn.o)
    0x080048f2   0x00000030   Code   RO         3811    x$fpl$trapveneer    fz_ws.l(trapv.o)
    0x08004922   0x00000000   Code   RO         3640    x$fpl$usenofp       fz_ws.l(usenofp.o)
    0x08004922   0x00000006   PAD
    0x08004928   0x00000088   Data   RO         3600    .constdata          m_ws.l(pow.o)
    0x080049b0   0x00000008   Data   RO         3659    .constdata          m_ws.l(qnan.o)
    0x080049b8   0x00000094   Data   RO         3700    .constdata          c_w.l(bigflt0.o)
    0x08004a4c   0x0000015a   Data   RO         3384    .conststring        tdc.o
    0x08004ba6   0x00000002   PAD
    0x08004ba8   0x00000020   Data   RO         3881    Region$$Table       anon$$obj.o
    0x08004bc8   0x0000001c   Data   RO         3728    locale$$data        c_w.l(lc_numeric_c.o)


    Execution Region ER_RW (Base: 0x20000000, Size: 0x000000a4, Max: 0xffffffff, ABSOLUTE)

    Base Addr    Size         Type   Attr      Idx    E Section Name        Object

    0x20000000   0x00000014   Data   RW          199    .data               system_stm32f10x.o
    0x20000014   0x00000004   Data   RW          232    .data               delay.o
    0x20000018   0x00000006   Data   RW          315    .data               usart.o
    0x2000001e   0x00000014   Data   RW         1965    .data               stm32f10x_rcc.o
    0x20000032   0x00000002   PAD
    0x20000034   0x0000006c   Data   RW         3385    .data               tdc.o
    0x200000a0   0x00000001   Data   RW         3486    .data               key.o


    Execution Region ER_ZI (Base: 0x200000a4, Size: 0x0000072c, Max: 0xffffffff, ABSOLUTE)

    Base Addr    Size         Type   Attr      Idx    E Section Name        Object

    0x200000a4   0x000000c8   Zero   RW          314    .bss                usart.o
    0x2000016c   0x00000060   Zero   RW         3740    .bss                c_w.l(libspace.o)
    0x200001cc   0x00000004   PAD
    0x200001d0   0x00000200   Zero   RW          362    HEAP                startup_stm32f10x_hd.o
    0x200003d0   0x00000400   Zero   RW          361    STACK               startup_stm32f10x_hd.o


==============================================================================

Image component sizes


      Code (inc. data)   RO Data    RW Data    ZI Data      Debug   Object Name

       220         26          0          4          0     206363   delay.o
       260         20          0          1          0       1110   key.o
        96          8          0          0          0        491   led.o
       136          6          0          0          0     258495   main.o
       172         22          0          0          0       1981   misc.o
       512         22          0          0          0       1841   spi.o
        64         26        304          0       1536        784   startup_stm32f10x_hd.o
       346          6          0          0          0       4693   stm32f10x_gpio.o
        26          0          0          0          0       3534   stm32f10x_it.o
       340         44          0         20          0       5452   stm32f10x_rcc.o
       224         12          0          0          0       4769   stm32f10x_spi.o
        64          0          0          0          0       2192   stm32f10x_tim.o
       602         28          0          0          0       6552   stm32f10x_usart.o
         0          0          0          0          0         32   sys.o
       328         28          0         20          0       1997   system_stm32f10x.o
      2142        536        346        108          0       8528   tdc.o
        96         24          0          0          0        510   timer.o
       170         18          0          6        200       3336   usart.o
       348         20          0          0          0       1172   usart1_2.c.o

    ----------------------------------------------------------------------
      6160        846        684        164       1736     513832   Object Totals
         0          0         32          0          0          0   (incl. Generated)
        14          0          2          5          0          0   (incl. Padding)

    ----------------------------------------------------------------------

      Code (inc. data)   RO Data    RW Data    ZI Data      Debug   Library Member Name

         8          0          0          0          0         68   __main.o
       284          0          0          0          0        156   __printf_wp.o
         0          0          0          0          0          0   __rtentry.o
        12          0          0          0          0          0   __rtentry2.o
         6          0          0          0          0          0   __rtentry4.o
        52          8          0          0          0          0   __scatter.o
        26          0          0          0          0          0   __scatter_copy.o
        28          0          0          0          0          0   __scatter_zi.o
        48          6          0          0          0         96   _printf_char_common.o
        36          4          0          0          0         80   _printf_char_file.o
       120         16          0          0          0         92   _printf_dec.o
         6          0          0          0          0          0   _printf_f.o
      1050          0          0          0          0        216   _printf_fp_dec.o
       128         16          0          0          0         84   _printf_fp_infnan.o
       178          0          0          0          0         88   _printf_intcommon.o
        78          0          0          0          0        108   _printf_pad.o
         0          0          0          0          0          0   _printf_percent.o
         4          0          0          0          0          0   _printf_percent_end.o
         6          0          0          0          0          0   _printf_u.o
        22          0          0          0          0        100   _rserrno.o
       220          4        148          0          0         96   bigflt0.o
      1910        128          0          0          0        672   btod.o
        12          0          0          0          0         72   exit.o
         8          0          0          0          0         68   ferror.o
         6          0          0          0          0        152   heapauxi.o
        44         10         28          0          0         76   lc_numeric_c.o
         2          0          0          0          0          0   libinit.o
        18          0          0          0          0          0   libinit2.o
         2          0          0          0          0          0   libshutdown.o
         2          0          0          0          0          0   libshutdown2.o
         8          4          0          0         96         68   libspace.o
       138          0          0          0          0         80   lludiv10.o
        24          4          0          0          0         84   noretval__2printf.o
         8          4          0          0          0         68   rt_errno_addr_intlibspace.o
         8          4          0          0          0         68   rt_locale_intlibspace.o
         2          0          0          0          0          0   rtexit.o
        10          0          0          0          0          0   rtexit2.o
       128          0          0          0          0         68   strcmpv7m.o
        74          0          0          0          0         80   sys_stackheap_outer.o
         2          0          0          0          0         68   use_no_semi.o
         2          0          0          0          0         68   use_no_semi_2.o
        98          4          0          0          0         92   d2f.o
       826         16          0          0          0        348   daddsub_clz.o
        16          4          0          0          0         68   dcheck1.o
        24          0          0          0          0         68   dcmpi.o
       688        140          0          0          0        208   ddiv.o
        84          0          0          0          0        136   dflt_clz.o
       120          4          0          0          0         92   dleqf.o
       340         12          0          0          0        104   dmul.o
       156          4          0          0          0         92   dnaninf.o
        12          0          0          0          0         68   dretinf.o
       108          0          0          0          0         80   drleqf.o
       460         56          0          0          0        120   dsqrt_noumaal.o
        86          4          0          0          0         84   f2d.o
       430          8          0          0          0        168   faddsub_clz.o
        24          0          0          0          0         68   fcmpi.o
       388         76          0          0          0         96   fdiv.o
       104          4          0          0          0         84   feqf.o
        62          4          0          0          0         84   ffixu.o
       258          4          0          0          0         84   fmul.o
       140          4          0          0          0         84   fnaninf.o
        10          0          0          0          0         68   fretinf.o
         4          0          0          0          0         68   printf1.o
       100          0          0          0          0         68   retnan.o
        92          0          0          0          0         68   scalbn.o
        48          0          0          0          0         68   trapv.o
         0          0          0          0          0          0   usenofp.o
        62         10          0          0          0        340   dunder.o
        40          0          0          0          0         68   fpclassify.o
       170          0          0          0          0         96   poly.o
      2488        190        136          0          0        300   pow.o
         0          0          8          0          0          0   qnan.o
        76          0          0          0          0         84   sqrt.o

    ----------------------------------------------------------------------
     12264        752        320          0        100       6332   Library Totals
        30          0          0          0          4          0   (incl. Padding)

    ----------------------------------------------------------------------

      Code (inc. data)   RO Data    RW Data    ZI Data      Debug   Library Name

      4720        208        176          0         96       2876   c_w.l
      4678        344          0          0          0       2568   fz_ws.l
      2836        200        144          0          0        888   m_ws.l

    ----------------------------------------------------------------------
     12264        752        320          0        100       6332   Library Totals

    ----------------------------------------------------------------------

==============================================================================


      Code (inc. data)   RO Data    RW Data    ZI Data      Debug   

     18424       1598       1004        164       1836     513192   Grand Totals
     18424       1598       1004        164       1836     513192   ELF Image Totals
     18424       1598       1004        164          0          0   ROM Totals

==============================================================================

    Total RO  Size (Code + RO Data)                19428 (  18.97kB)
    Total RW  Size (RW Data + ZI Data)              2000 (   1.95kB)
    Total ROM Size (Code + RO Data + RW Data)      19592 (  19.13kB)

==============================================================================

